Archive member included because of file (symbol)

E:/Debug-Matrix/branches/ME30国内PCI认证/ME30_Matrix/Mpos_Demo_20141017_ADDV2/Mpos_Demo/libs/libc_Cortex-M4_nofpu.a(atoi.o)
                              E:\Debug-Matrix\branches\ME30国内PCI认证\ME30_Matrix\Mpos_Demo_20141017_ADDV2\Mpos_Demo\build\newland\ME30/cmd/cmd.o (atoi)
E:/Debug-Matrix/branches/ME30国内PCI认证/ME30_Matrix/Mpos_Demo_20141017_ADDV2/Mpos_Demo/libs/libc_Cortex-M4_nofpu.a(memcmp.o)
                              E:\Debug-Matrix\branches\ME30国内PCI认证\ME30_Matrix\Mpos_Demo_20141017_ADDV2\Mpos_Demo\build\newland\ME30/cmd/cmd.o (memcmp)
E:/Debug-Matrix/branches/ME30国内PCI认证/ME30_Matrix/Mpos_Demo_20141017_ADDV2/Mpos_Demo/libs/libc_Cortex-M4_nofpu.a(memcpy.o)
                              E:\Debug-Matrix\branches\ME30国内PCI认证\ME30_Matrix\Mpos_Demo_20141017_ADDV2\Mpos_Demo\build\newland\ME30/cmd/cmd.o (memcpy)
E:/Debug-Matrix/branches/ME30国内PCI认证/ME30_Matrix/Mpos_Demo_20141017_ADDV2/Mpos_Demo/libs/libc_Cortex-M4_nofpu.a(memset.o)
                              E:\Debug-Matrix\branches\ME30国内PCI认证\ME30_Matrix\Mpos_Demo_20141017_ADDV2\Mpos_Demo\build\newland\ME30/api/api.o (memset)
E:/Debug-Matrix/branches/ME30国内PCI认证/ME30_Matrix/Mpos_Demo_20141017_ADDV2/Mpos_Demo/libs/libc_Cortex-M4_nofpu.a(sprintf.o)
                              E:/Debug-Matrix/branches/ME30国内PCI认证/ME30_Matrix/Mpos_Demo_20141017_ADDV2/Mpos_Demo/configs/ME30/NDK_Sysdep_ME30.o (vsprintf)
E:/Debug-Matrix/branches/ME30国内PCI认证/ME30_Matrix/Mpos_Demo_20141017_ADDV2/Mpos_Demo/libs/libc_Cortex-M4_nofpu.a(strcmp.o)
                              E:\Debug-Matrix\branches\ME30国内PCI认证\ME30_Matrix\Mpos_Demo_20141017_ADDV2\Mpos_Demo\build\newland\ME30/cmd/cmd.o (strcmp)
E:/Debug-Matrix/branches/ME30国内PCI认证/ME30_Matrix/Mpos_Demo_20141017_ADDV2/Mpos_Demo/libs/libc_Cortex-M4_nofpu.a(strcpy.o)
                              E:\Debug-Matrix\branches\ME30国内PCI认证\ME30_Matrix\Mpos_Demo_20141017_ADDV2\Mpos_Demo\build\newland\ME30/cmd/cmd.o (strcpy)
E:/Debug-Matrix/branches/ME30国内PCI认证/ME30_Matrix/Mpos_Demo_20141017_ADDV2/Mpos_Demo/libs/libc_Cortex-M4_nofpu.a(strlen.o)
                              E:\Debug-Matrix\branches\ME30国内PCI认证\ME30_Matrix\Mpos_Demo_20141017_ADDV2\Mpos_Demo\build\newland\ME30/cmd/cmd.o (strlen)
E:/Debug-Matrix/branches/ME30国内PCI认证/ME30_Matrix/Mpos_Demo_20141017_ADDV2/Mpos_Demo/libs/libc_Cortex-M4_nofpu.a(strtol.o)
                              E:/Debug-Matrix/branches/ME30国内PCI认证/ME30_Matrix/Mpos_Demo_20141017_ADDV2/Mpos_Demo/libs/libc_Cortex-M4_nofpu.a(atoi.o) (strtol)
E:/Debug-Matrix/branches/ME30国内PCI认证/ME30_Matrix/Mpos_Demo_20141017_ADDV2/Mpos_Demo/libs/libc_Cortex-M4_nofpu.a(ctype.o)
                              E:/Debug-Matrix/branches/ME30国内PCI认证/ME30_Matrix/Mpos_Demo_20141017_ADDV2/Mpos_Demo/libs/libc_Cortex-M4_nofpu.a(strtol.o) (_ctype)
E:/Debug-Matrix/branches/ME30国内PCI认证/ME30_Matrix/Mpos_Demo_20141017_ADDV2/Mpos_Demo/libs/libc_Cortex-M4_nofpu.a(doprntx.o)
                              E:/Debug-Matrix/branches/ME30国内PCI认证/ME30_Matrix/Mpos_Demo_20141017_ADDV2/Mpos_Demo/libs/libc_Cortex-M4_nofpu.a(sprintf.o) (_doprntx)
E:/Debug-Matrix/branches/ME30国内PCI认证/ME30_Matrix/Mpos_Demo_20141017_ADDV2/Mpos_Demo/libs/libc_Cortex-M4_nofpu.a(memchr.o)
                              E:/Debug-Matrix/branches/ME30国内PCI认证/ME30_Matrix/Mpos_Demo_20141017_ADDV2/Mpos_Demo/libs/libc_Cortex-M4_nofpu.a(doprntx.o) (memchr)

Memory Configuration

Name             Origin             Length             Attributes
RAM              0x1fffe000         0x00008000
NOR              0x00040000         0x00040000
*default*        0x00000000         0xffffffff

Linker script and memory map

LOAD E:/Debug-Matrix/branches/ME30国内PCI认证/ME30_Matrix/Mpos_Demo_20141017_ADDV2/Mpos_Demo/configs/ME30/NDK_Sysdep_ME30.o
LOAD E:\Debug-Matrix\branches\ME30国内PCI认证\ME30_Matrix\Mpos_Demo_20141017_ADDV2\Mpos_Demo\build\newland\ME30/api/api.o
LOAD E:\Debug-Matrix\branches\ME30国内PCI认证\ME30_Matrix\Mpos_Demo_20141017_ADDV2\Mpos_Demo\build\newland\ME30/cmd/cmd.o
LOAD E:\Debug-Matrix\branches\ME30国内PCI认证\ME30_Matrix\Mpos_Demo_20141017_ADDV2\Mpos_Demo\build\newland\ME30/app/app.o
LOAD c:/program files (x86)/gnu tools arm embedded/4.7 2012q4/bin/../lib/gcc/arm-none-eabi/4.7.3/armv7e-m/\libgcc.a

.mod_init       0x00040000       0x28
                0x00040000                _stext = .
 *(.mod.header)
 .mod.header    0x00040000       0x28 E:/Debug-Matrix/branches/ME30国内PCI认证/ME30_Matrix/Mpos_Demo_20141017_ADDV2/Mpos_Demo/configs/ME30/NDK_Sysdep_ME30.o

.text           0x00040028     0x36ce
                0x00040028                . = ALIGN (0x4)
 *(.text)
 .text          0x00040028        0x0 E:/Debug-Matrix/branches/ME30国内PCI认证/ME30_Matrix/Mpos_Demo_20141017_ADDV2/Mpos_Demo/configs/ME30/NDK_Sysdep_ME30.o
 .text          0x00040028      0x52c E:\Debug-Matrix\branches\ME30国内PCI认证\ME30_Matrix\Mpos_Demo_20141017_ADDV2\Mpos_Demo\build\newland\ME30/api/api.o
                0x00040028                CommandParse_DataEncryptionOrDecryption
                0x00040028                CommandParse_M1LoadKey
                0x00040028                CommandParse_DataMac
                0x00040028                CommandParse_GetPrnStatus
                0x00040028                CommandParse_PbocCapk_Set
                0x00040028                CommandParse_RFIDPowerup
                0x00040028                CommandParse_SetFont
                0x00040028                CommandParse_Dispstr
                0x00040028                CommandParse_LoadDukpt
                0x00040028                CommandParse_DispImage
                0x00040028                CommandParse_QPboc_Pboc
                0x00040028                CommandParse_OpenRecords
                0x00040028                CommandParse_Pboc_GetData
                0x00040028                CommandParse_PbocAid_Set
                0x00040028                ME_DefaultCmd
                0x00040028                CommandParse_SetFontType
                0x00040028                CommandParse_GetLcdAttr
                0x00040028                CommandParse_OpenCard_ME30
                0x00040028                CommandParse_ScanStringInstruction
                0x00040028                CommandParse_WriteRecord
                0x00040028                CommandParse_GetMagCardAuthen
                0x00040028                CommandParse_SetLcdXY
                0x00040028                CommandParse_IccPowerUp
                0x00040028                CommandParse_LoadWKey
                0x00040028                CommandParse_PasswordInput
                0x00040028                CommandParse_KbGetCode
                0x00040028                CommandParse_RFIDPowerDown
                0x00040028                CommandParse_CheckData
                0x00040028                CommandParse_GetMagCard_ENC
                0x00040028                CommandParse_CommTest
                0x00040028                CommandParse_OpenCard
                0x00040028                CommandParse_SetGreyScale
                0x00040028                CommandParse_SetBacklight
                0x00040028                CommandParse_BlinkingLights
                0x00040028                CommandParse_DownloadMode
                0x00040028                CommandParse_KbHit
                0x00040028                CommandParse_GetTerminalParam
                0x00040028                CommandParse_PrnInit
                0x00040028                CommandParse_ShutDown
                0x00040028                CommandParse_GetRecordNum
                0x00040028                CommandParse_M1Increment
                0x00040028                CommandParse_M1AuthKey
                0x00040028                CommandParse_RFIDAPDU
                0x00040028                CommandParse_Pboc_Standard
                0x00040028                CommandParse_M1StoreKey
                0x00040028                CommandParse_BTDisconnect
                0x00040028                CommandParse_ModifyRecord
                0x00040028                CommandParse_M1Auth
                0x00040028                CommandParse_PaperSkip
                0x00040028                CommandParse_DrawLine
                0x00040028                CommandParse_PrintNormal
                0x00040028                CommandParse_GetFontSize
                0x00040028                CommandParse_ReadDeviceInformation
                0x00040028                CommandParse_ReadDeviceInfoPro
                0x00040028                CommandParse_Pboc_SencAuth
                0x00040028                CommandParse_Pboc_End
                0x00040028                CommandParse_SetFontColor
                0x00040028                CommandParse_GetRecord
                0x00040028                CommandParse_M1ReadBlock
                0x00040028                CommandParse_M1Decrement
                0x00040028                CommandParse_Pboc_GetLastWaterinfo
                0x00040028                CommandParse_SetRefreshMode
                0x00040028                CommandParse_CancelReset
                0x00040028                CommandParse_GetRandomNumber
                0x00040028                CommandParse_GetMagCard_ME30
                0x00040028                CommandParse_KbGetString
                0x00040028                CommandParse_Setting
                0x00040028                CommandParse_SetLineSpace
                0x00040028                CommandParse_CommMode_ME30
                0x00040028                CommandParse_SetDispMode
                0x00040028                CommandParse_WriteEquipmentInformation
                0x00040028                CommandParse_SetTerminalParam
                0x00040028                CommandParse_LoadKey_ME30
                0x00040028                CommandParse_M1WriteBlock
                0x00040028                CommandParse_Refresh
                0x00040028                CommandParse_PasswordInput_ME30
                0x00040028                CommandParse_IccSetType
                0x00040028                CommandParse_GetLcdXY
                0x00040028                CommandParse_Buzzer
                0x00040028                CommandParse_CloseCard
                0x00040028                CommandParse_IccPowerDown
                0x00040028                CommandParse_ClearScreen
                0x00040028                CommandParse_IccDetect
                0x00040028                CommandParse_DrawRectangle
                0x00040028                CommandParse_LoadApp
                0x00040028                CommandParse_LoadMKey
                0x00040028                CommandParse_TranPro_Set
                0x00040028                CommandParse_SetDateTime
                0x00040028                CommandParse_DeviceAuth
                0x00040028                CommandParse_GetDateTime
                0x00040028                CommandParse_LoadMenu
                0x00040028                CommandParse_Iccrw
                0x0004002e                ME_Endian_Swab16
                0x00040038                ME_Endian_Swab32
                0x0004003c                ME_Bcd2Int
                0x0004007a                ME_Int2Bcd
                0x000400d8                ME_ReadLen
                0x000400dc                ME_WriteLen
                0x000400e0                ME_GetVar
                0x0004018a                ME_API_COMInit
                0x000401c4                ME_SetVar
                0x00040314                ME_Printf
                0x00040394                ME_Send_Responsion_To_Host
                0x00040528                ME_GetCmdOffset
                0x0004052c                ME_GetVarOffset
                0x00040530                ME_GetVarLen
                0x00040538                ME_API_COMClose
                0x00040544                ME_GetMessageType
 .text          0x00040554     0x1afc E:\Debug-Matrix\branches\ME30国内PCI认证\ME30_Matrix\Mpos_Demo_20141017_ADDV2\Mpos_Demo\build\newland\ME30/cmd/cmd.o
                0x00040554                ME_SysGetPosInfo
                0x00040554                ME_SysExtraAction
                0x0004055a                ME_SecKekInit
                0x00040590                ME_FsWrite
                0x000405f4                ME_FsRead
                0x00040698                Default_ME_MKSetup
                0x00040698                ME_MKSetup
                0x0004080c                ME_ConfigNew
                0x000408dc                ME_ConfigConvert
                0x000409e0                ME_ConfigInit
                0x00040ae8                ME_JudgeValue
                0x00040b2c                ME_ChangePosDate
                0x00040d5c                ME_ChangePosTime
                0x00040f38                ME_SetDateTime
                0x00040f84                ME_DebugSwitch
                0x00041018                ME_ScrSetContrast
                0x000410f4                ME_FuncMenu
                0x000411fc                ME_Sysmanage
                0x0004126c                ME_SetCommMode
                0x000412dc                ME_Disp_Bitmap
                0x000413dc                ME_PasswordMenu
                0x00041484                ME_BtDisconnect
                0x000414d8                ME_BtParaSet
                0x000415fc                ME_UsbParaSet
                0x00041674                ME_AudioParaSet
                0x0004171c                ME_KbHit
                0x00041754                ME_SetFrushTime
                0x00041764                ME31_PEDInit
                0x00041838                ME31_PEDMain
                0x000418a0                CommandParse_MutualAuth1
                0x00041988                CommandParse_MutualAuth2
                0x00041b34                CommandParse_MutualAuth3
                0x00041d18                CommandParse_SetGeoPosition
                0x00041d5c                UnionPay_Send
                0x00041e98                UnionPay_Recv
                0x00041f88                unionpay
                0x00042014                CommandParse_UnionPayCall
 .text          0x00042050        0x8 E:/Debug-Matrix/branches/ME30国内PCI认证/ME30_Matrix/Mpos_Demo_20141017_ADDV2/Mpos_Demo/libs/libc_Cortex-M4_nofpu.a(atoi.o)
                0x00042050                atoi
 .text          0x00042058       0x1e E:/Debug-Matrix/branches/ME30国内PCI认证/ME30_Matrix/Mpos_Demo_20141017_ADDV2/Mpos_Demo/libs/libc_Cortex-M4_nofpu.a(memcmp.o)
                0x00042058                memcmp
 .text          0x00042076       0x12 E:/Debug-Matrix/branches/ME30国内PCI认证/ME30_Matrix/Mpos_Demo_20141017_ADDV2/Mpos_Demo/libs/libc_Cortex-M4_nofpu.a(memcpy.o)
                0x00042076                memcpy
 .text          0x00042088       0x10 E:/Debug-Matrix/branches/ME30国内PCI认证/ME30_Matrix/Mpos_Demo_20141017_ADDV2/Mpos_Demo/libs/libc_Cortex-M4_nofpu.a(memset.o)
                0x00042088                memset
 .text          0x00042098       0x4c E:/Debug-Matrix/branches/ME30国内PCI认证/ME30_Matrix/Mpos_Demo_20141017_ADDV2/Mpos_Demo/libs/libc_Cortex-M4_nofpu.a(sprintf.o)
                0x000420a2                vsprintf
                0x000420c0                sprintf
 .text          0x000420e4       0x1a E:/Debug-Matrix/branches/ME30国内PCI认证/ME30_Matrix/Mpos_Demo_20141017_ADDV2/Mpos_Demo/libs/libc_Cortex-M4_nofpu.a(strcmp.o)
                0x000420e4                strcmp
 .text          0x000420fe        0xe E:/Debug-Matrix/branches/ME30国内PCI认证/ME30_Matrix/Mpos_Demo_20141017_ADDV2/Mpos_Demo/libs/libc_Cortex-M4_nofpu.a(strcpy.o)
                0x000420fe                strcpy
 .text          0x0004210c       0x10 E:/Debug-Matrix/branches/ME30国内PCI认证/ME30_Matrix/Mpos_Demo_20141017_ADDV2/Mpos_Demo/libs/libc_Cortex-M4_nofpu.a(strlen.o)
                0x0004210c                strlen
 .text          0x0004211c       0xfc E:/Debug-Matrix/branches/ME30国内PCI认证/ME30_Matrix/Mpos_Demo_20141017_ADDV2/Mpos_Demo/libs/libc_Cortex-M4_nofpu.a(strtol.o)
                0x0004211c                strtol
 .text          0x00042218        0x0 E:/Debug-Matrix/branches/ME30国内PCI认证/ME30_Matrix/Mpos_Demo_20141017_ADDV2/Mpos_Demo/libs/libc_Cortex-M4_nofpu.a(ctype.o)
 .text          0x00042218      0x418 E:/Debug-Matrix/branches/ME30国内PCI认证/ME30_Matrix/Mpos_Demo_20141017_ADDV2/Mpos_Demo/libs/libc_Cortex-M4_nofpu.a(doprntx.o)
                0x00042218                _doprntx
 .text          0x00042630        0xc E:/Debug-Matrix/branches/ME30国内PCI认证/ME30_Matrix/Mpos_Demo_20141017_ADDV2/Mpos_Demo/libs/libc_Cortex-M4_nofpu.a(memchr.o)
                0x00042630                memchr
 *(.text.*)
 .text.default_fn
                0x0004263c        0x4 E:/Debug-Matrix/branches/ME30国内PCI认证/ME30_Matrix/Mpos_Demo_20141017_ADDV2/Mpos_Demo/configs/ME30/NDK_Sysdep_ME30.o
                0x0004263c                default_fn
                0x0004263c                appmod_export
                0x0004263c                appmod_init
 .text.module_init
                0x00042640       0x10 E:/Debug-Matrix/branches/ME30国内PCI认证/ME30_Matrix/Mpos_Demo_20141017_ADDV2/Mpos_Demo/configs/ME30/NDK_Sysdep_ME30.o
                0x00042640                module_init
 .text.NDK_ScrInitGui
                0x00042650        0x4 E:/Debug-Matrix/branches/ME30国内PCI认证/ME30_Matrix/Mpos_Demo_20141017_ADDV2/Mpos_Demo/configs/ME30/NDK_Sysdep_ME30.o
                0x00042650                NDK_ScrInitGui
 .text.NDK_ScrGotoxy
                0x00042654       0x10 E:/Debug-Matrix/branches/ME30国内PCI认证/ME30_Matrix/Mpos_Demo_20141017_ADDV2/Mpos_Demo/configs/ME30/NDK_Sysdep_ME30.o
                0x00042654                NDK_ScrGotoxy
 .text.NDK_ScrGetxy
                0x00042664       0x10 E:/Debug-Matrix/branches/ME30国内PCI认证/ME30_Matrix/Mpos_Demo_20141017_ADDV2/Mpos_Demo/configs/ME30/NDK_Sysdep_ME30.o
                0x00042664                NDK_ScrGetxy
 .text.NDK_ScrBackLight
                0x00042674       0x10 E:/Debug-Matrix/branches/ME30国内PCI认证/ME30_Matrix/Mpos_Demo_20141017_ADDV2/Mpos_Demo/configs/ME30/NDK_Sysdep_ME30.o
                0x00042674                NDK_ScrBackLight
 .text.NDK_ScrSetAttr
                0x00042684       0x10 E:/Debug-Matrix/branches/ME30国内PCI认证/ME30_Matrix/Mpos_Demo_20141017_ADDV2/Mpos_Demo/configs/ME30/NDK_Sysdep_ME30.o
                0x00042684                NDK_ScrSetAttr
 .text.NDK_ScrPush
                0x00042694       0x10 E:/Debug-Matrix/branches/ME30国内PCI认证/ME30_Matrix/Mpos_Demo_20141017_ADDV2/Mpos_Demo/configs/ME30/NDK_Sysdep_ME30.o
                0x00042694                NDK_ScrPush
 .text.NDK_ScrPop
                0x000426a4       0x10 E:/Debug-Matrix/branches/ME30国内PCI认证/ME30_Matrix/Mpos_Demo_20141017_ADDV2/Mpos_Demo/configs/ME30/NDK_Sysdep_ME30.o
                0x000426a4                NDK_ScrPop
 .text.NDK_ScrDispString
                0x000426b4       0x10 E:/Debug-Matrix/branches/ME30国内PCI认证/ME30_Matrix/Mpos_Demo_20141017_ADDV2/Mpos_Demo/configs/ME30/NDK_Sysdep_ME30.o
                0x000426b4                NDK_ScrDispString
 .text.NDK_ScrGetPixel
                0x000426c4       0x10 E:/Debug-Matrix/branches/ME30国内PCI认证/ME30_Matrix/Mpos_Demo_20141017_ADDV2/Mpos_Demo/configs/ME30/NDK_Sysdep_ME30.o
                0x000426c4                NDK_ScrGetPixel
 .text.NDK_ScrPutPixel
                0x000426d4       0x10 E:/Debug-Matrix/branches/ME30国内PCI认证/ME30_Matrix/Mpos_Demo_20141017_ADDV2/Mpos_Demo/configs/ME30/NDK_Sysdep_ME30.o
                0x000426d4                NDK_ScrPutPixel
 .text.NDK_ScrLine
                0x000426e4       0x14 E:/Debug-Matrix/branches/ME30国内PCI认证/ME30_Matrix/Mpos_Demo_20141017_ADDV2/Mpos_Demo/configs/ME30/NDK_Sysdep_ME30.o
                0x000426e4                NDK_ScrLine
 .text.NDK_ScrRectangle
                0x000426f8       0x1c E:/Debug-Matrix/branches/ME30国内PCI认证/ME30_Matrix/Mpos_Demo_20141017_ADDV2/Mpos_Demo/configs/ME30/NDK_Sysdep_ME30.o
                0x000426f8                NDK_ScrRectangle
 .text.NDK_ScrClrLine
                0x00042714       0x10 E:/Debug-Matrix/branches/ME30国内PCI认证/ME30_Matrix/Mpos_Demo_20141017_ADDV2/Mpos_Demo/configs/ME30/NDK_Sysdep_ME30.o
                0x00042714                NDK_ScrClrLine
 .text.NDK_ScrDrawBitmap
                0x00042724       0x14 E:/Debug-Matrix/branches/ME30国内PCI认证/ME30_Matrix/Mpos_Demo_20141017_ADDV2/Mpos_Demo/configs/ME30/NDK_Sysdep_ME30.o
                0x00042724                NDK_ScrDrawBitmap
 .text.NDK_ScrSetContrast
                0x00042738       0x10 E:/Debug-Matrix/branches/ME30国内PCI认证/ME30_Matrix/Mpos_Demo_20141017_ADDV2/Mpos_Demo/configs/ME30/NDK_Sysdep_ME30.o
                0x00042738                NDK_ScrSetContrast
 .text.NDK_ScrGetLcdSize
                0x00042748       0x10 E:/Debug-Matrix/branches/ME30国内PCI认证/ME30_Matrix/Mpos_Demo_20141017_ADDV2/Mpos_Demo/configs/ME30/NDK_Sysdep_ME30.o
                0x00042748                NDK_ScrGetLcdSize
 .text.NDK_ScrClrs
                0x00042758       0x10 E:/Debug-Matrix/branches/ME30国内PCI认证/ME30_Matrix/Mpos_Demo_20141017_ADDV2/Mpos_Demo/configs/ME30/NDK_Sysdep_ME30.o
                0x00042758                NDK_ScrClrs
 .text.NDK_ScrGetFontSize
                0x00042768       0x10 E:/Debug-Matrix/branches/ME30国内PCI认证/ME30_Matrix/Mpos_Demo_20141017_ADDV2/Mpos_Demo/configs/ME30/NDK_Sysdep_ME30.o
                0x00042768                NDK_ScrGetFontSize
 .text.NDK_ScrDispPic
                0x00042778       0x18 E:/Debug-Matrix/branches/ME30国内PCI认证/ME30_Matrix/Mpos_Demo_20141017_ADDV2/Mpos_Demo/configs/ME30/NDK_Sysdep_ME30.o
                0x00042778                NDK_ScrDispPic
 .text.NDK_ScrPrintf
                0x00042790       0x48 E:/Debug-Matrix/branches/ME30国内PCI认证/ME30_Matrix/Mpos_Demo_20141017_ADDV2/Mpos_Demo/configs/ME30/NDK_Sysdep_ME30.o
                0x00042790                NDK_ScrPrintf
 .text.NDK_KbHit
                0x000427d8       0x10 E:/Debug-Matrix/branches/ME30国内PCI认证/ME30_Matrix/Mpos_Demo_20141017_ADDV2/Mpos_Demo/configs/ME30/NDK_Sysdep_ME30.o
                0x000427d8                NDK_KbHit
 .text.NDK_KbFlush
                0x000427e8       0x10 E:/Debug-Matrix/branches/ME30国内PCI认证/ME30_Matrix/Mpos_Demo_20141017_ADDV2/Mpos_Demo/configs/ME30/NDK_Sysdep_ME30.o
                0x000427e8                NDK_KbFlush
 .text.NDK_KbGetCode
                0x000427f8       0x10 E:/Debug-Matrix/branches/ME30国内PCI认证/ME30_Matrix/Mpos_Demo_20141017_ADDV2/Mpos_Demo/configs/ME30/NDK_Sysdep_ME30.o
                0x000427f8                NDK_KbGetCode
 .text.NDK_KbGetInput
                0x00042808       0x24 E:/Debug-Matrix/branches/ME30国内PCI认证/ME30_Matrix/Mpos_Demo_20141017_ADDV2/Mpos_Demo/configs/ME30/NDK_Sysdep_ME30.o
                0x00042808                NDK_KbGetInput
 .text.NDK_KbScanCode
                0x0004282c       0x14 E:/Debug-Matrix/branches/ME30国内PCI认证/ME30_Matrix/Mpos_Demo_20141017_ADDV2/Mpos_Demo/configs/ME30/NDK_Sysdep_ME30.o
                0x0004282c                NDK_KbScanCode
 .text.NDK_PortOpen
                0x00042840       0x10 E:/Debug-Matrix/branches/ME30国内PCI认证/ME30_Matrix/Mpos_Demo_20141017_ADDV2/Mpos_Demo/configs/ME30/NDK_Sysdep_ME30.o
                0x00042840                NDK_PortOpen
 .text.NDK_PortClose
                0x00042850       0x10 E:/Debug-Matrix/branches/ME30国内PCI认证/ME30_Matrix/Mpos_Demo_20141017_ADDV2/Mpos_Demo/configs/ME30/NDK_Sysdep_ME30.o
                0x00042850                NDK_PortClose
 .text.NDK_PortRead
                0x00042860       0x14 E:/Debug-Matrix/branches/ME30国内PCI认证/ME30_Matrix/Mpos_Demo_20141017_ADDV2/Mpos_Demo/configs/ME30/NDK_Sysdep_ME30.o
                0x00042860                NDK_PortRead
 .text.NDK_PortWrite
                0x00042874       0x14 E:/Debug-Matrix/branches/ME30国内PCI认证/ME30_Matrix/Mpos_Demo_20141017_ADDV2/Mpos_Demo/configs/ME30/NDK_Sysdep_ME30.o
                0x00042874                NDK_PortWrite
 .text.NDK_PortTxSendOver
                0x00042888       0x14 E:/Debug-Matrix/branches/ME30国内PCI认证/ME30_Matrix/Mpos_Demo_20141017_ADDV2/Mpos_Demo/configs/ME30/NDK_Sysdep_ME30.o
                0x00042888                NDK_PortTxSendOver
 .text.NDK_PortClrBuf
                0x0004289c       0x14 E:/Debug-Matrix/branches/ME30国内PCI认证/ME30_Matrix/Mpos_Demo_20141017_ADDV2/Mpos_Demo/configs/ME30/NDK_Sysdep_ME30.o
                0x0004289c                NDK_PortClrBuf
 .text.NDK_PortReadLen
                0x000428b0       0x14 E:/Debug-Matrix/branches/ME30国内PCI认证/ME30_Matrix/Mpos_Demo_20141017_ADDV2/Mpos_Demo/configs/ME30/NDK_Sysdep_ME30.o
                0x000428b0                NDK_PortReadLen
 .text.NDK_IccGetVersion
                0x000428c4       0x14 E:/Debug-Matrix/branches/ME30国内PCI认证/ME30_Matrix/Mpos_Demo_20141017_ADDV2/Mpos_Demo/configs/ME30/NDK_Sysdep_ME30.o
                0x000428c4                NDK_IccGetVersion
 .text.NDK_IccDetect
                0x000428d8       0x14 E:/Debug-Matrix/branches/ME30国内PCI认证/ME30_Matrix/Mpos_Demo_20141017_ADDV2/Mpos_Demo/configs/ME30/NDK_Sysdep_ME30.o
                0x000428d8                NDK_IccDetect
 .text.NDK_IccPowerUp
                0x000428ec       0x14 E:/Debug-Matrix/branches/ME30国内PCI认证/ME30_Matrix/Mpos_Demo_20141017_ADDV2/Mpos_Demo/configs/ME30/NDK_Sysdep_ME30.o
                0x000428ec                NDK_IccPowerUp
 .text.NDK_IccPowerDown
                0x00042900       0x14 E:/Debug-Matrix/branches/ME30国内PCI认证/ME30_Matrix/Mpos_Demo_20141017_ADDV2/Mpos_Demo/configs/ME30/NDK_Sysdep_ME30.o
                0x00042900                NDK_IccPowerDown
 .text.NDK_Iccrw
                0x00042914       0x18 E:/Debug-Matrix/branches/ME30国内PCI认证/ME30_Matrix/Mpos_Demo_20141017_ADDV2/Mpos_Demo/configs/ME30/NDK_Sysdep_ME30.o
                0x00042914                NDK_Iccrw
 .text.NDK_MagOpen
                0x0004292c       0x14 E:/Debug-Matrix/branches/ME30国内PCI认证/ME30_Matrix/Mpos_Demo_20141017_ADDV2/Mpos_Demo/configs/ME30/NDK_Sysdep_ME30.o
                0x0004292c                NDK_MagOpen
 .text.NDK_MagClose
                0x00042940       0x14 E:/Debug-Matrix/branches/ME30国内PCI认证/ME30_Matrix/Mpos_Demo_20141017_ADDV2/Mpos_Demo/configs/ME30/NDK_Sysdep_ME30.o
                0x00042940                NDK_MagClose
 .text.NDK_MagReset
                0x00042954       0x14 E:/Debug-Matrix/branches/ME30国内PCI认证/ME30_Matrix/Mpos_Demo_20141017_ADDV2/Mpos_Demo/configs/ME30/NDK_Sysdep_ME30.o
                0x00042954                NDK_MagReset
 .text.NDK_MagSwiped
                0x00042968       0x14 E:/Debug-Matrix/branches/ME30国内PCI认证/ME30_Matrix/Mpos_Demo_20141017_ADDV2/Mpos_Demo/configs/ME30/NDK_Sysdep_ME30.o
                0x00042968                NDK_MagSwiped
 .text.NDK_MagReadNormal
                0x0004297c       0x14 E:/Debug-Matrix/branches/ME30国内PCI认证/ME30_Matrix/Mpos_Demo_20141017_ADDV2/Mpos_Demo/configs/ME30/NDK_Sysdep_ME30.o
                0x0004297c                NDK_MagReadNormal
 .text.NDK_FsOpen
                0x00042990       0x14 E:/Debug-Matrix/branches/ME30国内PCI认证/ME30_Matrix/Mpos_Demo_20141017_ADDV2/Mpos_Demo/configs/ME30/NDK_Sysdep_ME30.o
                0x00042990                NDK_FsOpen
 .text.NDK_FsClose
                0x000429a4       0x14 E:/Debug-Matrix/branches/ME30国内PCI认证/ME30_Matrix/Mpos_Demo_20141017_ADDV2/Mpos_Demo/configs/ME30/NDK_Sysdep_ME30.o
                0x000429a4                NDK_FsClose
 .text.NDK_FsRead
                0x000429b8       0x14 E:/Debug-Matrix/branches/ME30国内PCI认证/ME30_Matrix/Mpos_Demo_20141017_ADDV2/Mpos_Demo/configs/ME30/NDK_Sysdep_ME30.o
                0x000429b8                NDK_FsRead
 .text.NDK_FsWrite
                0x000429cc       0x14 E:/Debug-Matrix/branches/ME30国内PCI认证/ME30_Matrix/Mpos_Demo_20141017_ADDV2/Mpos_Demo/configs/ME30/NDK_Sysdep_ME30.o
                0x000429cc                NDK_FsWrite
 .text.NDK_FsSeek
                0x000429e0       0x14 E:/Debug-Matrix/branches/ME30国内PCI认证/ME30_Matrix/Mpos_Demo_20141017_ADDV2/Mpos_Demo/configs/ME30/NDK_Sysdep_ME30.o
                0x000429e0                NDK_FsSeek
 .text.NDK_FsDel
                0x000429f4       0x14 E:/Debug-Matrix/branches/ME30国内PCI认证/ME30_Matrix/Mpos_Demo_20141017_ADDV2/Mpos_Demo/configs/ME30/NDK_Sysdep_ME30.o
                0x000429f4                NDK_FsDel
 .text.NDK_FsFileSize
                0x00042a08       0x14 E:/Debug-Matrix/branches/ME30国内PCI认证/ME30_Matrix/Mpos_Demo_20141017_ADDV2/Mpos_Demo/configs/ME30/NDK_Sysdep_ME30.o
                0x00042a08                NDK_FsFileSize
 .text.NDK_FsExist
                0x00042a1c       0x14 E:/Debug-Matrix/branches/ME30国内PCI认证/ME30_Matrix/Mpos_Demo_20141017_ADDV2/Mpos_Demo/configs/ME30/NDK_Sysdep_ME30.o
                0x00042a1c                NDK_FsExist
 .text.NDK_FsTruncate
                0x00042a30       0x14 E:/Debug-Matrix/branches/ME30国内PCI认证/ME30_Matrix/Mpos_Demo_20141017_ADDV2/Mpos_Demo/configs/ME30/NDK_Sysdep_ME30.o
                0x00042a30                NDK_FsTruncate
 .text.NDK_FsTell
                0x00042a44       0x14 E:/Debug-Matrix/branches/ME30国内PCI认证/ME30_Matrix/Mpos_Demo_20141017_ADDV2/Mpos_Demo/configs/ME30/NDK_Sysdep_ME30.o
                0x00042a44                NDK_FsTell
 .text.NDK_FsRename
                0x00042a58       0x14 E:/Debug-Matrix/branches/ME30国内PCI认证/ME30_Matrix/Mpos_Demo_20141017_ADDV2/Mpos_Demo/configs/ME30/NDK_Sysdep_ME30.o
                0x00042a58                NDK_FsRename
 .text.NDK_FsFormat
                0x00042a6c       0x14 E:/Debug-Matrix/branches/ME30国内PCI认证/ME30_Matrix/Mpos_Demo_20141017_ADDV2/Mpos_Demo/configs/ME30/NDK_Sysdep_ME30.o
                0x00042a6c                NDK_FsFormat
 .text.NDK_Getlibver
                0x00042a80       0x14 E:/Debug-Matrix/branches/ME30国内PCI认证/ME30_Matrix/Mpos_Demo_20141017_ADDV2/Mpos_Demo/configs/ME30/NDK_Sysdep_ME30.o
                0x00042a80                NDK_Getlibver
 .text.NDK_SysDelay
                0x00042a94       0x14 E:/Debug-Matrix/branches/ME30国内PCI认证/ME30_Matrix/Mpos_Demo_20141017_ADDV2/Mpos_Demo/configs/ME30/NDK_Sysdep_ME30.o
                0x00042a94                NDK_SysDelay
 .text.NDK_SysMsDelay
                0x00042aa8       0x14 E:/Debug-Matrix/branches/ME30国内PCI认证/ME30_Matrix/Mpos_Demo_20141017_ADDV2/Mpos_Demo/configs/ME30/NDK_Sysdep_ME30.o
                0x00042aa8                NDK_SysMsDelay
 .text.NDK_SysReboot
                0x00042abc       0x14 E:/Debug-Matrix/branches/ME30国内PCI认证/ME30_Matrix/Mpos_Demo_20141017_ADDV2/Mpos_Demo/configs/ME30/NDK_Sysdep_ME30.o
                0x00042abc                NDK_SysReboot
 .text.NDK_SysShutDown
                0x00042ad0       0x14 E:/Debug-Matrix/branches/ME30国内PCI认证/ME30_Matrix/Mpos_Demo_20141017_ADDV2/Mpos_Demo/configs/ME30/NDK_Sysdep_ME30.o
                0x00042ad0                NDK_SysShutDown
 .text.NDK_SysBeep
                0x00042ae4       0x14 E:/Debug-Matrix/branches/ME30国内PCI认证/ME30_Matrix/Mpos_Demo_20141017_ADDV2/Mpos_Demo/configs/ME30/NDK_Sysdep_ME30.o
                0x00042ae4                NDK_SysBeep
 .text.NDK_SysGoSuspend
                0x00042af8       0x14 E:/Debug-Matrix/branches/ME30国内PCI认证/ME30_Matrix/Mpos_Demo_20141017_ADDV2/Mpos_Demo/configs/ME30/NDK_Sysdep_ME30.o
                0x00042af8                NDK_SysGoSuspend
 .text.NDK_SysGetPowerVol
                0x00042b0c       0x14 E:/Debug-Matrix/branches/ME30国内PCI认证/ME30_Matrix/Mpos_Demo_20141017_ADDV2/Mpos_Demo/configs/ME30/NDK_Sysdep_ME30.o
                0x00042b0c                NDK_SysGetPowerVol
 .text.NDK_SysSetPosTime
                0x00042b20       0x34 E:/Debug-Matrix/branches/ME30国内PCI认证/ME30_Matrix/Mpos_Demo_20141017_ADDV2/Mpos_Demo/configs/ME30/NDK_Sysdep_ME30.o
                0x00042b20                NDK_SysSetPosTime
 .text.NDK_SysGetPosTime
                0x00042b54       0x14 E:/Debug-Matrix/branches/ME30国内PCI认证/ME30_Matrix/Mpos_Demo_20141017_ADDV2/Mpos_Demo/configs/ME30/NDK_Sysdep_ME30.o
                0x00042b54                NDK_SysGetPosTime
 .text.NDK_LedStatus
                0x00042b68       0x14 E:/Debug-Matrix/branches/ME30国内PCI认证/ME30_Matrix/Mpos_Demo_20141017_ADDV2/Mpos_Demo/configs/ME30/NDK_Sysdep_ME30.o
                0x00042b68                NDK_LedStatus
 .text.NDK_SysStartWatch
                0x00042b7c       0x14 E:/Debug-Matrix/branches/ME30国内PCI认证/ME30_Matrix/Mpos_Demo_20141017_ADDV2/Mpos_Demo/configs/ME30/NDK_Sysdep_ME30.o
                0x00042b7c                NDK_SysStartWatch
 .text.NDK_SysReadWatch
                0x00042b90       0x14 E:/Debug-Matrix/branches/ME30国内PCI认证/ME30_Matrix/Mpos_Demo_20141017_ADDV2/Mpos_Demo/configs/ME30/NDK_Sysdep_ME30.o
                0x00042b90                NDK_SysReadWatch
 .text.NDK_SysStopWatch
                0x00042ba4       0x14 E:/Debug-Matrix/branches/ME30国内PCI认证/ME30_Matrix/Mpos_Demo_20141017_ADDV2/Mpos_Demo/configs/ME30/NDK_Sysdep_ME30.o
                0x00042ba4                NDK_SysStopWatch
 .text.NDK_SysTimeBeep
                0x00042bb8       0x14 E:/Debug-Matrix/branches/ME30国内PCI认证/ME30_Matrix/Mpos_Demo_20141017_ADDV2/Mpos_Demo/configs/ME30/NDK_Sysdep_ME30.o
                0x00042bb8                NDK_SysTimeBeep
 .text.NDK_SysGetConfigInfo
                0x00042bcc       0x14 E:/Debug-Matrix/branches/ME30国内PCI认证/ME30_Matrix/Mpos_Demo_20141017_ADDV2/Mpos_Demo/configs/ME30/NDK_Sysdep_ME30.o
                0x00042bcc                NDK_SysGetConfigInfo
 .text.NDK_SysGetPosInfo
                0x00042be0       0x14 E:/Debug-Matrix/branches/ME30国内PCI认证/ME30_Matrix/Mpos_Demo_20141017_ADDV2/Mpos_Demo/configs/ME30/NDK_Sysdep_ME30.o
                0x00042be0                NDK_SysGetPosInfo
 .text.NDK_SysGetPowerVolRange
                0x00042bf4       0x14 E:/Debug-Matrix/branches/ME30国内PCI认证/ME30_Matrix/Mpos_Demo_20141017_ADDV2/Mpos_Demo/configs/ME30/NDK_Sysdep_ME30.o
                0x00042bf4                NDK_SysGetPowerVolRange
 .text.NDK_SysSetPosInfo
                0x00042c08       0x14 E:/Debug-Matrix/branches/ME30国内PCI认证/ME30_Matrix/Mpos_Demo_20141017_ADDV2/Mpos_Demo/configs/ME30/NDK_Sysdep_ME30.o
                0x00042c08                NDK_SysSetPosInfo
 .text.NDK_SysSetShutdownDelay
                0x00042c1c       0x14 E:/Debug-Matrix/branches/ME30国内PCI认证/ME30_Matrix/Mpos_Demo_20141017_ADDV2/Mpos_Demo/configs/ME30/NDK_Sysdep_ME30.o
                0x00042c1c                NDK_SysSetShutdownDelay
 .text.NDK_AppRun
                0x00042c30       0x14 E:/Debug-Matrix/branches/ME30国内PCI认证/ME30_Matrix/Mpos_Demo_20141017_ADDV2/Mpos_Demo/configs/ME30/NDK_Sysdep_ME30.o
                0x00042c30                NDK_AppRun
 .text.NDK_LibLoad
                0x00042c44       0x14 E:/Debug-Matrix/branches/ME30国内PCI认证/ME30_Matrix/Mpos_Demo_20141017_ADDV2/Mpos_Demo/configs/ME30/NDK_Sysdep_ME30.o
                0x00042c44                NDK_LibLoad
 .text.NDK_AppLoad
                0x00042c58       0x14 E:/Debug-Matrix/branches/ME30国内PCI认证/ME30_Matrix/Mpos_Demo_20141017_ADDV2/Mpos_Demo/configs/ME30/NDK_Sysdep_ME30.o
                0x00042c58                NDK_AppLoad
 .text.NDK_AddDigitStr
                0x00042c6c       0x14 E:/Debug-Matrix/branches/ME30国内PCI认证/ME30_Matrix/Mpos_Demo_20141017_ADDV2/Mpos_Demo/configs/ME30/NDK_Sysdep_ME30.o
                0x00042c6c                NDK_AddDigitStr
 .text.NDK_IncNum
                0x00042c80       0x14 E:/Debug-Matrix/branches/ME30国内PCI认证/ME30_Matrix/Mpos_Demo_20141017_ADDV2/Mpos_Demo/configs/ME30/NDK_Sysdep_ME30.o
                0x00042c80                NDK_IncNum
 .text.NDK_FmtAmtStr
                0x00042c94       0x14 E:/Debug-Matrix/branches/ME30国内PCI认证/ME30_Matrix/Mpos_Demo_20141017_ADDV2/Mpos_Demo/configs/ME30/NDK_Sysdep_ME30.o
                0x00042c94                NDK_FmtAmtStr
 .text.NDK_AscToHex
                0x00042ca8       0x14 E:/Debug-Matrix/branches/ME30国内PCI认证/ME30_Matrix/Mpos_Demo_20141017_ADDV2/Mpos_Demo/configs/ME30/NDK_Sysdep_ME30.o
                0x00042ca8                NDK_AscToHex
 .text.NDK_HexToAsc
                0x00042cbc       0x14 E:/Debug-Matrix/branches/ME30国内PCI认证/ME30_Matrix/Mpos_Demo_20141017_ADDV2/Mpos_Demo/configs/ME30/NDK_Sysdep_ME30.o
                0x00042cbc                NDK_HexToAsc
 .text.NDK_IntToC4
                0x00042cd0       0x14 E:/Debug-Matrix/branches/ME30国内PCI认证/ME30_Matrix/Mpos_Demo_20141017_ADDV2/Mpos_Demo/configs/ME30/NDK_Sysdep_ME30.o
                0x00042cd0                NDK_IntToC4
 .text.NDK_IntToC2
                0x00042ce4       0x14 E:/Debug-Matrix/branches/ME30国内PCI认证/ME30_Matrix/Mpos_Demo_20141017_ADDV2/Mpos_Demo/configs/ME30/NDK_Sysdep_ME30.o
                0x00042ce4                NDK_IntToC2
 .text.NDK_C4ToInt
                0x00042cf8       0x14 E:/Debug-Matrix/branches/ME30国内PCI认证/ME30_Matrix/Mpos_Demo_20141017_ADDV2/Mpos_Demo/configs/ME30/NDK_Sysdep_ME30.o
                0x00042cf8                NDK_C4ToInt
 .text.NDK_C2ToInt
                0x00042d0c       0x14 E:/Debug-Matrix/branches/ME30国内PCI认证/ME30_Matrix/Mpos_Demo_20141017_ADDV2/Mpos_Demo/configs/ME30/NDK_Sysdep_ME30.o
                0x00042d0c                NDK_C2ToInt
 .text.NDK_ByteToBcd
                0x00042d20       0x14 E:/Debug-Matrix/branches/ME30国内PCI认证/ME30_Matrix/Mpos_Demo_20141017_ADDV2/Mpos_Demo/configs/ME30/NDK_Sysdep_ME30.o
                0x00042d20                NDK_ByteToBcd
 .text.NDK_BcdToByte
                0x00042d34       0x14 E:/Debug-Matrix/branches/ME30国内PCI认证/ME30_Matrix/Mpos_Demo_20141017_ADDV2/Mpos_Demo/configs/ME30/NDK_Sysdep_ME30.o
                0x00042d34                NDK_BcdToByte
 .text.NDK_IntToBcd
                0x00042d48       0x14 E:/Debug-Matrix/branches/ME30国内PCI认证/ME30_Matrix/Mpos_Demo_20141017_ADDV2/Mpos_Demo/configs/ME30/NDK_Sysdep_ME30.o
                0x00042d48                NDK_IntToBcd
 .text.NDK_BcdToInt
                0x00042d5c       0x14 E:/Debug-Matrix/branches/ME30国内PCI认证/ME30_Matrix/Mpos_Demo_20141017_ADDV2/Mpos_Demo/configs/ME30/NDK_Sysdep_ME30.o
                0x00042d5c                NDK_BcdToInt
 .text.NDK_CalcLRC
                0x00042d70       0x14 E:/Debug-Matrix/branches/ME30国内PCI认证/ME30_Matrix/Mpos_Demo_20141017_ADDV2/Mpos_Demo/configs/ME30/NDK_Sysdep_ME30.o
                0x00042d70                NDK_CalcLRC
 .text.NDK_LeftTrim
                0x00042d84       0x14 E:/Debug-Matrix/branches/ME30国内PCI认证/ME30_Matrix/Mpos_Demo_20141017_ADDV2/Mpos_Demo/configs/ME30/NDK_Sysdep_ME30.o
                0x00042d84                NDK_LeftTrim
 .text.NDK_RightTrim
                0x00042d98       0x14 E:/Debug-Matrix/branches/ME30国内PCI认证/ME30_Matrix/Mpos_Demo_20141017_ADDV2/Mpos_Demo/configs/ME30/NDK_Sysdep_ME30.o
                0x00042d98                NDK_RightTrim
 .text.NDK_AllTrim
                0x00042dac       0x14 E:/Debug-Matrix/branches/ME30国内PCI认证/ME30_Matrix/Mpos_Demo_20141017_ADDV2/Mpos_Demo/configs/ME30/NDK_Sysdep_ME30.o
                0x00042dac                NDK_AllTrim
 .text.NDK_AddSymbolToStr
                0x00042dc0       0x14 E:/Debug-Matrix/branches/ME30国内PCI认证/ME30_Matrix/Mpos_Demo_20141017_ADDV2/Mpos_Demo/configs/ME30/NDK_Sysdep_ME30.o
                0x00042dc0                NDK_AddSymbolToStr
 .text.NDK_SubStr
                0x00042dd4       0x18 E:/Debug-Matrix/branches/ME30国内PCI认证/ME30_Matrix/Mpos_Demo_20141017_ADDV2/Mpos_Demo/configs/ME30/NDK_Sysdep_ME30.o
                0x00042dd4                NDK_SubStr
 .text.NDK_IsDigitChar
                0x00042dec       0x14 E:/Debug-Matrix/branches/ME30国内PCI认证/ME30_Matrix/Mpos_Demo_20141017_ADDV2/Mpos_Demo/configs/ME30/NDK_Sysdep_ME30.o
                0x00042dec                NDK_IsDigitChar
 .text.NDK_IsDigitStr
                0x00042e00       0x14 E:/Debug-Matrix/branches/ME30国内PCI认证/ME30_Matrix/Mpos_Demo_20141017_ADDV2/Mpos_Demo/configs/ME30/NDK_Sysdep_ME30.o
                0x00042e00                NDK_IsDigitStr
 .text.NDK_IsLeapYear
                0x00042e14       0x14 E:/Debug-Matrix/branches/ME30国内PCI认证/ME30_Matrix/Mpos_Demo_20141017_ADDV2/Mpos_Demo/configs/ME30/NDK_Sysdep_ME30.o
                0x00042e14                NDK_IsLeapYear
 .text.NDK_MonthDays
                0x00042e28       0x14 E:/Debug-Matrix/branches/ME30国内PCI认证/ME30_Matrix/Mpos_Demo_20141017_ADDV2/Mpos_Demo/configs/ME30/NDK_Sysdep_ME30.o
                0x00042e28                NDK_MonthDays
 .text.NDK_IsValidDate
                0x00042e3c       0x14 E:/Debug-Matrix/branches/ME30国内PCI认证/ME30_Matrix/Mpos_Demo_20141017_ADDV2/Mpos_Demo/configs/ME30/NDK_Sysdep_ME30.o
                0x00042e3c                NDK_IsValidDate
 .text.NDK_BTReset
                0x00042e50       0x14 E:/Debug-Matrix/branches/ME30国内PCI认证/ME30_Matrix/Mpos_Demo_20141017_ADDV2/Mpos_Demo/configs/ME30/NDK_Sysdep_ME30.o
                0x00042e50                NDK_BTReset
 .text.NDK_BTGetLocalName
                0x00042e64       0x14 E:/Debug-Matrix/branches/ME30国内PCI认证/ME30_Matrix/Mpos_Demo_20141017_ADDV2/Mpos_Demo/configs/ME30/NDK_Sysdep_ME30.o
                0x00042e64                NDK_BTGetLocalName
 .text.NDK_BTEnterCommand
                0x00042e78       0x14 E:/Debug-Matrix/branches/ME30国内PCI认证/ME30_Matrix/Mpos_Demo_20141017_ADDV2/Mpos_Demo/configs/ME30/NDK_Sysdep_ME30.o
                0x00042e78                NDK_BTEnterCommand
 .text.NDK_BTExitCommand
                0x00042e8c       0x14 E:/Debug-Matrix/branches/ME30国内PCI认证/ME30_Matrix/Mpos_Demo_20141017_ADDV2/Mpos_Demo/configs/ME30/NDK_Sysdep_ME30.o
                0x00042e8c                NDK_BTExitCommand
 .text.NDK_BTGetLocalMAC
                0x00042ea0       0x14 E:/Debug-Matrix/branches/ME30国内PCI认证/ME30_Matrix/Mpos_Demo_20141017_ADDV2/Mpos_Demo/configs/ME30/NDK_Sysdep_ME30.o
                0x00042ea0                NDK_BTGetLocalMAC
 .text.NDK_BTGetPIN
                0x00042eb4       0x14 E:/Debug-Matrix/branches/ME30国内PCI认证/ME30_Matrix/Mpos_Demo_20141017_ADDV2/Mpos_Demo/configs/ME30/NDK_Sysdep_ME30.o
                0x00042eb4                NDK_BTGetPIN
 .text.NDK_BTSetLocalName
                0x00042ec8       0x14 E:/Debug-Matrix/branches/ME30国内PCI认证/ME30_Matrix/Mpos_Demo_20141017_ADDV2/Mpos_Demo/configs/ME30/NDK_Sysdep_ME30.o
                0x00042ec8                NDK_BTSetLocalName
 .text.NDK_BTSetPIN
                0x00042edc       0x14 E:/Debug-Matrix/branches/ME30国内PCI认证/ME30_Matrix/Mpos_Demo_20141017_ADDV2/Mpos_Demo/configs/ME30/NDK_Sysdep_ME30.o
                0x00042edc                NDK_BTSetPIN
 .text.NDK_BTStatus
                0x00042ef0       0x14 E:/Debug-Matrix/branches/ME30国内PCI认证/ME30_Matrix/Mpos_Demo_20141017_ADDV2/Mpos_Demo/configs/ME30/NDK_Sysdep_ME30.o
                0x00042ef0                NDK_BTStatus
 .text.NDK_BTDisconnect
                0x00042f04       0x14 E:/Debug-Matrix/branches/ME30国内PCI认证/ME30_Matrix/Mpos_Demo_20141017_ADDV2/Mpos_Demo/configs/ME30/NDK_Sysdep_ME30.o
                0x00042f04                NDK_BTDisconnect
 .text.open     0x00042f18       0x1c E:/Debug-Matrix/branches/ME30国内PCI认证/ME30_Matrix/Mpos_Demo_20141017_ADDV2/Mpos_Demo/configs/ME30/NDK_Sysdep_ME30.o
                0x00042f18                open
 .text.close    0x00042f34       0x10 E:/Debug-Matrix/branches/ME30国内PCI认证/ME30_Matrix/Mpos_Demo_20141017_ADDV2/Mpos_Demo/configs/ME30/NDK_Sysdep_ME30.o
                0x00042f34                close
 .text.read     0x00042f44       0x10 E:/Debug-Matrix/branches/ME30国内PCI认证/ME30_Matrix/Mpos_Demo_20141017_ADDV2/Mpos_Demo/configs/ME30/NDK_Sysdep_ME30.o
                0x00042f44                read
 .text.write    0x00042f54       0x10 E:/Debug-Matrix/branches/ME30国内PCI认证/ME30_Matrix/Mpos_Demo_20141017_ADDV2/Mpos_Demo/configs/ME30/NDK_Sysdep_ME30.o
                0x00042f54                write
 .text.select   0x00042f64       0x14 E:/Debug-Matrix/branches/ME30国内PCI认证/ME30_Matrix/Mpos_Demo_20141017_ADDV2/Mpos_Demo/configs/ME30/NDK_Sysdep_ME30.o
                0x00042f64                select
 .text.unlink   0x00042f78       0x10 E:/Debug-Matrix/branches/ME30国内PCI认证/ME30_Matrix/Mpos_Demo_20141017_ADDV2/Mpos_Demo/configs/ME30/NDK_Sysdep_ME30.o
                0x00042f78                unlink
 .text.ioctl    0x00042f88       0x10 E:/Debug-Matrix/branches/ME30国内PCI认证/ME30_Matrix/Mpos_Demo_20141017_ADDV2/Mpos_Demo/configs/ME30/NDK_Sysdep_ME30.o
                0x00042f88                ioctl
 .text.lseek    0x00042f98       0x10 E:/Debug-Matrix/branches/ME30国内PCI认证/ME30_Matrix/Mpos_Demo_20141017_ADDV2/Mpos_Demo/configs/ME30/NDK_Sysdep_ME30.o
                0x00042f98                lseek
 .text.NDK_RfidVersion
                0x00042fa8       0x14 E:/Debug-Matrix/branches/ME30国内PCI认证/ME30_Matrix/Mpos_Demo_20141017_ADDV2/Mpos_Demo/configs/ME30/NDK_Sysdep_ME30.o
                0x00042fa8                NDK_RfidVersion
 .text.NDK_RfidInit
                0x00042fbc       0x14 E:/Debug-Matrix/branches/ME30国内PCI认证/ME30_Matrix/Mpos_Demo_20141017_ADDV2/Mpos_Demo/configs/ME30/NDK_Sysdep_ME30.o
                0x00042fbc                NDK_RfidInit
 .text.NDK_RfidOpenRf
                0x00042fd0       0x14 E:/Debug-Matrix/branches/ME30国内PCI认证/ME30_Matrix/Mpos_Demo_20141017_ADDV2/Mpos_Demo/configs/ME30/NDK_Sysdep_ME30.o
                0x00042fd0                NDK_RfidOpenRf
 .text.NDK_RfidCloseRf
                0x00042fe4       0x14 E:/Debug-Matrix/branches/ME30国内PCI认证/ME30_Matrix/Mpos_Demo_20141017_ADDV2/Mpos_Demo/configs/ME30/NDK_Sysdep_ME30.o
                0x00042fe4                NDK_RfidCloseRf
 .text.NDK_RfidPiccState
                0x00042ff8       0x14 E:/Debug-Matrix/branches/ME30国内PCI认证/ME30_Matrix/Mpos_Demo_20141017_ADDV2/Mpos_Demo/configs/ME30/NDK_Sysdep_ME30.o
                0x00042ff8                NDK_RfidPiccState
 .text.NDK_RfidSuspend
                0x0004300c       0x14 E:/Debug-Matrix/branches/ME30国内PCI认证/ME30_Matrix/Mpos_Demo_20141017_ADDV2/Mpos_Demo/configs/ME30/NDK_Sysdep_ME30.o
                0x0004300c                NDK_RfidSuspend
 .text.NDK_RfidResume
                0x00043020       0x14 E:/Debug-Matrix/branches/ME30国内PCI认证/ME30_Matrix/Mpos_Demo_20141017_ADDV2/Mpos_Demo/configs/ME30/NDK_Sysdep_ME30.o
                0x00043020                NDK_RfidResume
 .text.NDK_RfidPiccType
                0x00043034       0x14 E:/Debug-Matrix/branches/ME30国内PCI认证/ME30_Matrix/Mpos_Demo_20141017_ADDV2/Mpos_Demo/configs/ME30/NDK_Sysdep_ME30.o
                0x00043034                NDK_RfidPiccType
 .text.NDK_RfidPiccDetect
                0x00043048       0x14 E:/Debug-Matrix/branches/ME30国内PCI认证/ME30_Matrix/Mpos_Demo_20141017_ADDV2/Mpos_Demo/configs/ME30/NDK_Sysdep_ME30.o
                0x00043048                NDK_RfidPiccDetect
 .text.NDK_RfidPiccActivate
                0x0004305c       0x14 E:/Debug-Matrix/branches/ME30国内PCI认证/ME30_Matrix/Mpos_Demo_20141017_ADDV2/Mpos_Demo/configs/ME30/NDK_Sysdep_ME30.o
                0x0004305c                NDK_RfidPiccActivate
 .text.NDK_RfidPiccDeactivate
                0x00043070       0x14 E:/Debug-Matrix/branches/ME30国内PCI认证/ME30_Matrix/Mpos_Demo_20141017_ADDV2/Mpos_Demo/configs/ME30/NDK_Sysdep_ME30.o
                0x00043070                NDK_RfidPiccDeactivate
 .text.NDK_RfidPiccApdu
                0x00043084       0x14 E:/Debug-Matrix/branches/ME30国内PCI认证/ME30_Matrix/Mpos_Demo_20141017_ADDV2/Mpos_Demo/configs/ME30/NDK_Sysdep_ME30.o
                0x00043084                NDK_RfidPiccApdu
 .text.NDK_M1Request
                0x00043098       0x14 E:/Debug-Matrix/branches/ME30国内PCI认证/ME30_Matrix/Mpos_Demo_20141017_ADDV2/Mpos_Demo/configs/ME30/NDK_Sysdep_ME30.o
                0x00043098                NDK_M1Request
 .text.NDK_M1Anti
                0x000430ac       0x14 E:/Debug-Matrix/branches/ME30国内PCI认证/ME30_Matrix/Mpos_Demo_20141017_ADDV2/Mpos_Demo/configs/ME30/NDK_Sysdep_ME30.o
                0x000430ac                NDK_M1Anti
 .text.NDK_M1Select
                0x000430c0       0x14 E:/Debug-Matrix/branches/ME30国内PCI认证/ME30_Matrix/Mpos_Demo_20141017_ADDV2/Mpos_Demo/configs/ME30/NDK_Sysdep_ME30.o
                0x000430c0                NDK_M1Select
 .text.NDK_M1KeyStore
                0x000430d4       0x14 E:/Debug-Matrix/branches/ME30国内PCI认证/ME30_Matrix/Mpos_Demo_20141017_ADDV2/Mpos_Demo/configs/ME30/NDK_Sysdep_ME30.o
                0x000430d4                NDK_M1KeyStore
 .text.NDK_M1KeyLoad
                0x000430e8       0x14 E:/Debug-Matrix/branches/ME30国内PCI认证/ME30_Matrix/Mpos_Demo_20141017_ADDV2/Mpos_Demo/configs/ME30/NDK_Sysdep_ME30.o
                0x000430e8                NDK_M1KeyLoad
 .text.NDK_M1InternalAuthen
                0x000430fc       0x14 E:/Debug-Matrix/branches/ME30国内PCI认证/ME30_Matrix/Mpos_Demo_20141017_ADDV2/Mpos_Demo/configs/ME30/NDK_Sysdep_ME30.o
                0x000430fc                NDK_M1InternalAuthen
 .text.NDK_M1ExternalAuthen
                0x00043110       0x18 E:/Debug-Matrix/branches/ME30国内PCI认证/ME30_Matrix/Mpos_Demo_20141017_ADDV2/Mpos_Demo/configs/ME30/NDK_Sysdep_ME30.o
                0x00043110                NDK_M1ExternalAuthen
 .text.NDK_M1Read
                0x00043128       0x14 E:/Debug-Matrix/branches/ME30国内PCI认证/ME30_Matrix/Mpos_Demo_20141017_ADDV2/Mpos_Demo/configs/ME30/NDK_Sysdep_ME30.o
                0x00043128                NDK_M1Read
 .text.NDK_M1Write
                0x0004313c       0x14 E:/Debug-Matrix/branches/ME30国内PCI认证/ME30_Matrix/Mpos_Demo_20141017_ADDV2/Mpos_Demo/configs/ME30/NDK_Sysdep_ME30.o
                0x0004313c                NDK_M1Write
 .text.NDK_M1Increment
                0x00043150       0x14 E:/Debug-Matrix/branches/ME30国内PCI认证/ME30_Matrix/Mpos_Demo_20141017_ADDV2/Mpos_Demo/configs/ME30/NDK_Sysdep_ME30.o
                0x00043150                NDK_M1Increment
 .text.NDK_M1Decrement
                0x00043164       0x14 E:/Debug-Matrix/branches/ME30国内PCI认证/ME30_Matrix/Mpos_Demo_20141017_ADDV2/Mpos_Demo/configs/ME30/NDK_Sysdep_ME30.o
                0x00043164                NDK_M1Decrement
 .text.NDK_M1Transfer
                0x00043178       0x14 E:/Debug-Matrix/branches/ME30国内PCI认证/ME30_Matrix/Mpos_Demo_20141017_ADDV2/Mpos_Demo/configs/ME30/NDK_Sysdep_ME30.o
                0x00043178                NDK_M1Transfer
 .text.NDK_M1Restore
                0x0004318c       0x14 E:/Debug-Matrix/branches/ME30国内PCI认证/ME30_Matrix/Mpos_Demo_20141017_ADDV2/Mpos_Demo/configs/ME30/NDK_Sysdep_ME30.o
                0x0004318c                NDK_M1Restore
 .text.NDK_M1halt
                0x000431a0       0x14 E:/Debug-Matrix/branches/ME30国内PCI认证/ME30_Matrix/Mpos_Demo_20141017_ADDV2/Mpos_Demo/configs/ME30/NDK_Sysdep_ME30.o
                0x000431a0                NDK_M1halt
 .text.NDK_PiccQuickRequest
                0x000431b4       0x14 E:/Debug-Matrix/branches/ME30国内PCI认证/ME30_Matrix/Mpos_Demo_20141017_ADDV2/Mpos_Demo/configs/ME30/NDK_Sysdep_ME30.o
                0x000431b4                NDK_PiccQuickRequest
 .text.NDK_SetIgnoreProtocol
                0x000431c8       0x14 E:/Debug-Matrix/branches/ME30国内PCI认证/ME30_Matrix/Mpos_Demo_20141017_ADDV2/Mpos_Demo/configs/ME30/NDK_Sysdep_ME30.o
                0x000431c8                NDK_SetIgnoreProtocol
 .text.NDK_GetIgnoreProtocol
                0x000431dc       0x14 E:/Debug-Matrix/branches/ME30国内PCI认证/ME30_Matrix/Mpos_Demo_20141017_ADDV2/Mpos_Demo/configs/ME30/NDK_Sysdep_ME30.o
                0x000431dc                NDK_GetIgnoreProtocol
 .text.NDK_GetRfidType
                0x000431f0       0x14 E:/Debug-Matrix/branches/ME30国内PCI认证/ME30_Matrix/Mpos_Demo_20141017_ADDV2/Mpos_Demo/configs/ME30/NDK_Sysdep_ME30.o
                0x000431f0                NDK_GetRfidType
 .text.NDK_AlgTDes
                0x00043204       0x18 E:/Debug-Matrix/branches/ME30国内PCI认证/ME30_Matrix/Mpos_Demo_20141017_ADDV2/Mpos_Demo/configs/ME30/NDK_Sysdep_ME30.o
                0x00043204                NDK_AlgTDes
 .text.NDK_AlgSHA1
                0x0004321c       0x14 E:/Debug-Matrix/branches/ME30国内PCI认证/ME30_Matrix/Mpos_Demo_20141017_ADDV2/Mpos_Demo/configs/ME30/NDK_Sysdep_ME30.o
                0x0004321c                NDK_AlgSHA1
 .text.NDK_AlgSHA256
                0x00043230       0x14 E:/Debug-Matrix/branches/ME30国内PCI认证/ME30_Matrix/Mpos_Demo_20141017_ADDV2/Mpos_Demo/configs/ME30/NDK_Sysdep_ME30.o
                0x00043230                NDK_AlgSHA256
 .text.NDK_SecGetRandom
                0x00043244       0x14 E:/Debug-Matrix/branches/ME30国内PCI认证/ME30_Matrix/Mpos_Demo_20141017_ADDV2/Mpos_Demo/configs/ME30/NDK_Sysdep_ME30.o
                0x00043244                NDK_SecGetRandom
 .text.NDK_SecGetVer
                0x00043258       0x14 E:/Debug-Matrix/branches/ME30国内PCI认证/ME30_Matrix/Mpos_Demo_20141017_ADDV2/Mpos_Demo/configs/ME30/NDK_Sysdep_ME30.o
                0x00043258                NDK_SecGetVer
 .text.NDK_SecSetCfg
                0x0004326c       0x14 E:/Debug-Matrix/branches/ME30国内PCI认证/ME30_Matrix/Mpos_Demo_20141017_ADDV2/Mpos_Demo/configs/ME30/NDK_Sysdep_ME30.o
                0x0004326c                NDK_SecSetCfg
 .text.NDK_SecGetCfg
                0x00043280       0x14 E:/Debug-Matrix/branches/ME30国内PCI认证/ME30_Matrix/Mpos_Demo_20141017_ADDV2/Mpos_Demo/configs/ME30/NDK_Sysdep_ME30.o
                0x00043280                NDK_SecGetCfg
 .text.NDK_SecGetKcv
                0x00043294       0x14 E:/Debug-Matrix/branches/ME30国内PCI认证/ME30_Matrix/Mpos_Demo_20141017_ADDV2/Mpos_Demo/configs/ME30/NDK_Sysdep_ME30.o
                0x00043294                NDK_SecGetKcv
 .text.NDK_SecKeyErase
                0x000432a8       0x14 E:/Debug-Matrix/branches/ME30国内PCI认证/ME30_Matrix/Mpos_Demo_20141017_ADDV2/Mpos_Demo/configs/ME30/NDK_Sysdep_ME30.o
                0x000432a8                NDK_SecKeyErase
 .text.NDK_SecLoadKey
                0x000432bc       0x14 E:/Debug-Matrix/branches/ME30国内PCI认证/ME30_Matrix/Mpos_Demo_20141017_ADDV2/Mpos_Demo/configs/ME30/NDK_Sysdep_ME30.o
                0x000432bc                NDK_SecLoadKey
 .text.NDK_SecSetIntervaltime
                0x000432d0       0x14 E:/Debug-Matrix/branches/ME30国内PCI认证/ME30_Matrix/Mpos_Demo_20141017_ADDV2/Mpos_Demo/configs/ME30/NDK_Sysdep_ME30.o
                0x000432d0                NDK_SecSetIntervaltime
 .text.NDK_SecSetFunctionKey
                0x000432e4       0x14 E:/Debug-Matrix/branches/ME30国内PCI认证/ME30_Matrix/Mpos_Demo_20141017_ADDV2/Mpos_Demo/configs/ME30/NDK_Sysdep_ME30.o
                0x000432e4                NDK_SecSetFunctionKey
 .text.NDK_SecGetMac
                0x000432f8       0x18 E:/Debug-Matrix/branches/ME30国内PCI认证/ME30_Matrix/Mpos_Demo_20141017_ADDV2/Mpos_Demo/configs/ME30/NDK_Sysdep_ME30.o
                0x000432f8                NDK_SecGetMac
 .text.NDK_SecGetPin
                0x00043310       0x1c E:/Debug-Matrix/branches/ME30国内PCI认证/ME30_Matrix/Mpos_Demo_20141017_ADDV2/Mpos_Demo/configs/ME30/NDK_Sysdep_ME30.o
                0x00043310                NDK_SecGetPin
 .text.NDK_SecCalcDes
                0x0004332c       0x1c E:/Debug-Matrix/branches/ME30国内PCI认证/ME30_Matrix/Mpos_Demo_20141017_ADDV2/Mpos_Demo/configs/ME30/NDK_Sysdep_ME30.o
                0x0004332c                NDK_SecCalcDes
 .text.NDK_SecVerifyPlainPin
                0x00043348       0x18 E:/Debug-Matrix/branches/ME30国内PCI认证/ME30_Matrix/Mpos_Demo_20141017_ADDV2/Mpos_Demo/configs/ME30/NDK_Sysdep_ME30.o
                0x00043348                NDK_SecVerifyPlainPin
 .text.NDK_SecVerifyCipherPin
                0x00043360       0x1c E:/Debug-Matrix/branches/ME30国内PCI认证/ME30_Matrix/Mpos_Demo_20141017_ADDV2/Mpos_Demo/configs/ME30/NDK_Sysdep_ME30.o
                0x00043360                NDK_SecVerifyCipherPin
 .text.NDK_SecLoadTIK
                0x0004337c       0x1c E:/Debug-Matrix/branches/ME30国内PCI认证/ME30_Matrix/Mpos_Demo_20141017_ADDV2/Mpos_Demo/configs/ME30/NDK_Sysdep_ME30.o
                0x0004337c                NDK_SecLoadTIK
 .text.NDK_SecGetDukptKsn
                0x00043398       0x14 E:/Debug-Matrix/branches/ME30国内PCI认证/ME30_Matrix/Mpos_Demo_20141017_ADDV2/Mpos_Demo/configs/ME30/NDK_Sysdep_ME30.o
                0x00043398                NDK_SecGetDukptKsn
 .text.NDK_SecIncreaseDukptKsn
                0x000433ac       0x14 E:/Debug-Matrix/branches/ME30国内PCI认证/ME30_Matrix/Mpos_Demo_20141017_ADDV2/Mpos_Demo/configs/ME30/NDK_Sysdep_ME30.o
                0x000433ac                NDK_SecIncreaseDukptKsn
 .text.NDK_SecGetPinDukpt
                0x000433c0       0x24 E:/Debug-Matrix/branches/ME30国内PCI认证/ME30_Matrix/Mpos_Demo_20141017_ADDV2/Mpos_Demo/configs/ME30/NDK_Sysdep_ME30.o
                0x000433c0                NDK_SecGetPinDukpt
 .text.NDK_SecGetMacDukpt
                0x000433e4       0x1c E:/Debug-Matrix/branches/ME30国内PCI认证/ME30_Matrix/Mpos_Demo_20141017_ADDV2/Mpos_Demo/configs/ME30/NDK_Sysdep_ME30.o
                0x000433e4                NDK_SecGetMacDukpt
 .text.NDK_SecCalcDesDukpt
                0x00043400       0x28 E:/Debug-Matrix/branches/ME30国内PCI认证/ME30_Matrix/Mpos_Demo_20141017_ADDV2/Mpos_Demo/configs/ME30/NDK_Sysdep_ME30.o
                0x00043400                NDK_SecCalcDesDukpt
 .text.NDK_SecLoadRsaKey
                0x00043428       0x14 E:/Debug-Matrix/branches/ME30国内PCI认证/ME30_Matrix/Mpos_Demo_20141017_ADDV2/Mpos_Demo/configs/ME30/NDK_Sysdep_ME30.o
                0x00043428                NDK_SecLoadRsaKey
 .text.NDK_SecRecover
                0x0004343c       0x14 E:/Debug-Matrix/branches/ME30国内PCI认证/ME30_Matrix/Mpos_Demo_20141017_ADDV2/Mpos_Demo/configs/ME30/NDK_Sysdep_ME30.o
                0x0004343c                NDK_SecRecover
 .text.NDK_SecGetPinResult
                0x00043450       0x14 E:/Debug-Matrix/branches/ME30国内PCI认证/ME30_Matrix/Mpos_Demo_20141017_ADDV2/Mpos_Demo/configs/ME30/NDK_Sysdep_ME30.o
                0x00043450                NDK_SecGetPinResult
 .text.NDK_SecSetKeyOwner
                0x00043464       0x14 E:/Debug-Matrix/branches/ME30国内PCI认证/ME30_Matrix/Mpos_Demo_20141017_ADDV2/Mpos_Demo/configs/ME30/NDK_Sysdep_ME30.o
                0x00043464                NDK_SecSetKeyOwner
 .text.NDK_SecGetTamperStatus
                0x00043478       0x14 E:/Debug-Matrix/branches/ME30国内PCI认证/ME30_Matrix/Mpos_Demo_20141017_ADDV2/Mpos_Demo/configs/ME30/NDK_Sysdep_ME30.o
                0x00043478                NDK_SecGetTamperStatus
 .text.NDK_SecGetPinResultDukpt
                0x0004348c       0x14 E:/Debug-Matrix/branches/ME30国内PCI认证/ME30_Matrix/Mpos_Demo_20141017_ADDV2/Mpos_Demo/configs/ME30/NDK_Sysdep_ME30.o
                0x0004348c                NDK_SecGetPinResultDukpt
 .text.NDK_ScrDrawBitmapV
                0x000434a0       0x18 E:/Debug-Matrix/branches/ME30国内PCI认证/ME30_Matrix/Mpos_Demo_20141017_ADDV2/Mpos_Demo/configs/ME30/NDK_Sysdep_ME30.o
                0x000434a0                NDK_ScrDrawBitmapV
 .text.NDK_RegisterTimerRoutine
                0x000434b8       0x14 E:/Debug-Matrix/branches/ME30国内PCI认证/ME30_Matrix/Mpos_Demo_20141017_ADDV2/Mpos_Demo/configs/ME30/NDK_Sysdep_ME30.o
                0x000434b8                NDK_RegisterTimerRoutine
 .text.NDK_DeRegisterTimer
                0x000434cc       0x14 E:/Debug-Matrix/branches/ME30国内PCI认证/ME30_Matrix/Mpos_Demo_20141017_ADDV2/Mpos_Demo/configs/ME30/NDK_Sysdep_ME30.o
                0x000434cc                NDK_DeRegisterTimer
 .text.NDK_PrnInit
                0x000434e0       0x14 E:/Debug-Matrix/branches/ME30国内PCI认证/ME30_Matrix/Mpos_Demo_20141017_ADDV2/Mpos_Demo/configs/ME30/NDK_Sysdep_ME30.o
                0x000434e0                NDK_PrnInit
 .text.NDK_PrnStr
                0x000434f4       0x14 E:/Debug-Matrix/branches/ME30国内PCI认证/ME30_Matrix/Mpos_Demo_20141017_ADDV2/Mpos_Demo/configs/ME30/NDK_Sysdep_ME30.o
                0x000434f4                NDK_PrnStr
 .text.NDK_PrnStart
                0x00043508       0x14 E:/Debug-Matrix/branches/ME30国内PCI认证/ME30_Matrix/Mpos_Demo_20141017_ADDV2/Mpos_Demo/configs/ME30/NDK_Sysdep_ME30.o
                0x00043508                NDK_PrnStart
 .text.NDK_PrnImage
                0x0004351c       0x14 E:/Debug-Matrix/branches/ME30国内PCI认证/ME30_Matrix/Mpos_Demo_20141017_ADDV2/Mpos_Demo/configs/ME30/NDK_Sysdep_ME30.o
                0x0004351c                NDK_PrnImage
 .text.NDK_PrnGetVersion
                0x00043530       0x14 E:/Debug-Matrix/branches/ME30国内PCI认证/ME30_Matrix/Mpos_Demo_20141017_ADDV2/Mpos_Demo/configs/ME30/NDK_Sysdep_ME30.o
                0x00043530                NDK_PrnGetVersion
 .text.NDK_PrnSetFont
                0x00043544       0x14 E:/Debug-Matrix/branches/ME30国内PCI认证/ME30_Matrix/Mpos_Demo_20141017_ADDV2/Mpos_Demo/configs/ME30/NDK_Sysdep_ME30.o
                0x00043544                NDK_PrnSetFont
 .text.NDK_PrnGetStatus
                0x00043558       0x14 E:/Debug-Matrix/branches/ME30国内PCI认证/ME30_Matrix/Mpos_Demo_20141017_ADDV2/Mpos_Demo/configs/ME30/NDK_Sysdep_ME30.o
                0x00043558                NDK_PrnGetStatus
 .text.NDK_PrnSetMode
                0x0004356c       0x14 E:/Debug-Matrix/branches/ME30国内PCI认证/ME30_Matrix/Mpos_Demo_20141017_ADDV2/Mpos_Demo/configs/ME30/NDK_Sysdep_ME30.o
                0x0004356c                NDK_PrnSetMode
 .text.NDK_PrnSetGreyScale
                0x00043580       0x14 E:/Debug-Matrix/branches/ME30国内PCI认证/ME30_Matrix/Mpos_Demo_20141017_ADDV2/Mpos_Demo/configs/ME30/NDK_Sysdep_ME30.o
                0x00043580                NDK_PrnSetGreyScale
 .text.NDK_PrnSetForm
                0x00043594       0x14 E:/Debug-Matrix/branches/ME30国内PCI认证/ME30_Matrix/Mpos_Demo_20141017_ADDV2/Mpos_Demo/configs/ME30/NDK_Sysdep_ME30.o
                0x00043594                NDK_PrnSetForm
 .text.NDK_PrnFeedByPixel
                0x000435a8       0x14 E:/Debug-Matrix/branches/ME30国内PCI认证/ME30_Matrix/Mpos_Demo_20141017_ADDV2/Mpos_Demo/configs/ME30/NDK_Sysdep_ME30.o
                0x000435a8                NDK_PrnFeedByPixel
 .text.NDK_PrnSetUnderLine
                0x000435bc       0x14 E:/Debug-Matrix/branches/ME30国内PCI认证/ME30_Matrix/Mpos_Demo_20141017_ADDV2/Mpos_Demo/configs/ME30/NDK_Sysdep_ME30.o
                0x000435bc                NDK_PrnSetUnderLine
 .text.NDK_PrnFontRegister
                0x000435d0       0x14 E:/Debug-Matrix/branches/ME30国内PCI认证/ME30_Matrix/Mpos_Demo_20141017_ADDV2/Mpos_Demo/configs/ME30/NDK_Sysdep_ME30.o
                0x000435d0                NDK_PrnFontRegister
 .text.NDK_PrnSetUsrFont
                0x000435e4       0x14 E:/Debug-Matrix/branches/ME30国内PCI认证/ME30_Matrix/Mpos_Demo_20141017_ADDV2/Mpos_Demo/configs/ME30/NDK_Sysdep_ME30.o
                0x000435e4                NDK_PrnSetUsrFont
 .text.NDK_PrnGetDotLine
                0x000435f8       0x14 E:/Debug-Matrix/branches/ME30国内PCI认证/ME30_Matrix/Mpos_Demo_20141017_ADDV2/Mpos_Demo/configs/ME30/NDK_Sysdep_ME30.o
                0x000435f8                NDK_PrnGetDotLine
 .text.NDK_PrnPicture
                0x0004360c       0x14 E:/Debug-Matrix/branches/ME30国内PCI认证/ME30_Matrix/Mpos_Demo_20141017_ADDV2/Mpos_Demo/configs/ME30/NDK_Sysdep_ME30.o
                0x0004360c                NDK_PrnPicture
 .text.NDK_PrnSetPageLen
                0x00043620       0x14 E:/Debug-Matrix/branches/ME30国内PCI认证/ME30_Matrix/Mpos_Demo_20141017_ADDV2/Mpos_Demo/configs/ME30/NDK_Sysdep_ME30.o
                0x00043620                NDK_PrnSetPageLen
 .text.NDK_PrnLoadBDFFont
                0x00043634       0x14 E:/Debug-Matrix/branches/ME30国内PCI认证/ME30_Matrix/Mpos_Demo_20141017_ADDV2/Mpos_Demo/configs/ME30/NDK_Sysdep_ME30.o
                0x00043634                NDK_PrnLoadBDFFont
 .text.NDK_PrnBDFStr
                0x00043648       0x14 E:/Debug-Matrix/branches/ME30国内PCI认证/ME30_Matrix/Mpos_Demo_20141017_ADDV2/Mpos_Demo/configs/ME30/NDK_Sysdep_ME30.o
                0x00043648                NDK_PrnBDFStr
 .text.NDK_PrnSetBDF
                0x0004365c       0x18 E:/Debug-Matrix/branches/ME30国内PCI认证/ME30_Matrix/Mpos_Demo_20141017_ADDV2/Mpos_Demo/configs/ME30/NDK_Sysdep_ME30.o
                0x0004365c                NDK_PrnSetBDF
 .text.NDK_AudioTXSel
                0x00043674       0x14 E:/Debug-Matrix/branches/ME30国内PCI认证/ME30_Matrix/Mpos_Demo_20141017_ADDV2/Mpos_Demo/configs/ME30/NDK_Sysdep_ME30.o
                0x00043674                NDK_AudioTXSel
 .text.NDK_AudioTX_FreqSel
                0x00043688       0x14 E:/Debug-Matrix/branches/ME30国内PCI认证/ME30_Matrix/Mpos_Demo_20141017_ADDV2/Mpos_Demo/configs/ME30/NDK_Sysdep_ME30.o
                0x00043688                NDK_AudioTX_FreqSel
 .text.NDK_KbGetPad
                0x0004369c       0x14 E:/Debug-Matrix/branches/ME30国内PCI认证/ME30_Matrix/Mpos_Demo_20141017_ADDV2/Mpos_Demo/configs/ME30/NDK_Sysdep_ME30.o
                0x0004369c                NDK_KbGetPad
 .text.NDK_PlayVoice
                0x000436b0       0x14 E:/Debug-Matrix/branches/ME30国内PCI认证/ME30_Matrix/Mpos_Demo_20141017_ADDV2/Mpos_Demo/configs/ME30/NDK_Sysdep_ME30.o
                0x000436b0                NDK_PlayVoice
 .text.NDK_SysEnterBoot
                0x000436c4       0x14 E:/Debug-Matrix/branches/ME30国内PCI认证/ME30_Matrix/Mpos_Demo_20141017_ADDV2/Mpos_Demo/configs/ME30/NDK_Sysdep_ME30.o
                0x000436c4                NDK_SysEnterBoot
 .text.NDK_SysPeerOper
                0x000436d8       0x14 E:/Debug-Matrix/branches/ME30国内PCI认证/ME30_Matrix/Mpos_Demo_20141017_ADDV2/Mpos_Demo/configs/ME30/NDK_Sysdep_ME30.o
                0x000436d8                NDK_SysPeerOper
 .text.startup  0x000436ec        0xa E:\Debug-Matrix\branches\ME30国内PCI认证\ME30_Matrix\Mpos_Demo_20141017_ADDV2\Mpos_Demo\build\newland\ME30/cmd/cmd.o
                0x000436ec                main

.vfp11_veneer   0x000436f8        0x0
 .vfp11_veneer  0x00000000        0x0 linker stubs

.v4_bx          0x000436f8        0x0
 .v4_bx         0x00000000        0x0 linker stubs

.iplt           0x000436f8        0x0
 .iplt          0x00000000        0x0 E:/Debug-Matrix/branches/ME30国内PCI认证/ME30_Matrix/Mpos_Demo_20141017_ADDV2/Mpos_Demo/configs/ME30/NDK_Sysdep_ME30.o

.rodata         0x000436f8      0xb80
 *(.rodata)
 .rodata        0x000436f8      0x4b4 E:\Debug-Matrix\branches\ME30国内PCI认证\ME30_Matrix\Mpos_Demo_20141017_ADDV2\Mpos_Demo\build\newland\ME30/api/api.o
                0x00043b60                nlMpos_Command
 .rodata        0x00043bac        0x8 E:\Debug-Matrix\branches\ME30国内PCI认证\ME30_Matrix\Mpos_Demo_20141017_ADDV2\Mpos_Demo\build\newland\ME30/cmd/cmd.o
 .rodata        0x00043bb4      0x100 E:/Debug-Matrix/branches/ME30国内PCI认证/ME30_Matrix/Mpos_Demo_20141017_ADDV2/Mpos_Demo/libs/libc_Cortex-M4_nofpu.a(ctype.o)
                0x00043bb4                _ctype
 *(.rodata*)
 .rodata.str1.1
                0x00043cb4       0x46 E:\Debug-Matrix\branches\ME30国内PCI认证\ME30_Matrix\Mpos_Demo_20141017_ADDV2\Mpos_Demo\build\newland\ME30/api/api.o
                                 0x4f (size before relaxing)
 .rodata.str1.1
                0x00043cfa      0x553 E:\Debug-Matrix\branches\ME30国内PCI认证\ME30_Matrix\Mpos_Demo_20141017_ADDV2\Mpos_Demo\build\newland\ME30/cmd/cmd.o
                                0x561 (size before relaxing)
 .rodata.str1.1
                0x0004424d       0x29 E:/Debug-Matrix/branches/ME30国内PCI认证/ME30_Matrix/Mpos_Demo_20141017_ADDV2/Mpos_Demo/libs/libc_Cortex-M4_nofpu.a(doprntx.o)
 *(.glue_7)
 .glue_7        0x00000000        0x0 linker stubs
 *(.glue_7t)
 .glue_7t       0x00000000        0x0 linker stubs
                0x00044278                . = ALIGN (0x4)
 *fill*         0x00044276        0x2 00
                0x00044278                _etext = .
                0x00044278                _sidata = _etext

.rel.dyn        0x00044278        0x0
 .rel.iplt      0x00000000        0x0 E:/Debug-Matrix/branches/ME30国内PCI认证/ME30_Matrix/Mpos_Demo_20141017_ADDV2/Mpos_Demo/configs/ME30/NDK_Sysdep_ME30.o

.data           0x1fffe000        0x8 load address 0x00044278
                0x1fffe000                . = ALIGN (0x4)
                0x1fffe000                _sdata = .
 *(.data)
 .data          0x1fffe000        0x0 E:/Debug-Matrix/branches/ME30国内PCI认证/ME30_Matrix/Mpos_Demo_20141017_ADDV2/Mpos_Demo/configs/ME30/NDK_Sysdep_ME30.o
 .data          0x1fffe000        0x4 E:\Debug-Matrix\branches\ME30国内PCI认证\ME30_Matrix\Mpos_Demo_20141017_ADDV2\Mpos_Demo\build\newland\ME30/api/api.o
                0x1fffe000                c_TParamPrint
                0x1fffe002                c_TParamTLV
 .data          0x1fffe004        0x4 E:\Debug-Matrix\branches\ME30国内PCI认证\ME30_Matrix\Mpos_Demo_20141017_ADDV2\Mpos_Demo\build\newland\ME30/cmd/cmd.o
 .data          0x1fffe008        0x0 E:/Debug-Matrix/branches/ME30国内PCI认证/ME30_Matrix/Mpos_Demo_20141017_ADDV2/Mpos_Demo/libs/libc_Cortex-M4_nofpu.a(atoi.o)
 .data          0x1fffe008        0x0 E:/Debug-Matrix/branches/ME30国内PCI认证/ME30_Matrix/Mpos_Demo_20141017_ADDV2/Mpos_Demo/libs/libc_Cortex-M4_nofpu.a(memcmp.o)
 .data          0x1fffe008        0x0 E:/Debug-Matrix/branches/ME30国内PCI认证/ME30_Matrix/Mpos_Demo_20141017_ADDV2/Mpos_Demo/libs/libc_Cortex-M4_nofpu.a(memcpy.o)
 .data          0x1fffe008        0x0 E:/Debug-Matrix/branches/ME30国内PCI认证/ME30_Matrix/Mpos_Demo_20141017_ADDV2/Mpos_Demo/libs/libc_Cortex-M4_nofpu.a(memset.o)
 .data          0x1fffe008        0x0 E:/Debug-Matrix/branches/ME30国内PCI认证/ME30_Matrix/Mpos_Demo_20141017_ADDV2/Mpos_Demo/libs/libc_Cortex-M4_nofpu.a(sprintf.o)
 .data          0x1fffe008        0x0 E:/Debug-Matrix/branches/ME30国内PCI认证/ME30_Matrix/Mpos_Demo_20141017_ADDV2/Mpos_Demo/libs/libc_Cortex-M4_nofpu.a(strcmp.o)
 .data          0x1fffe008        0x0 E:/Debug-Matrix/branches/ME30国内PCI认证/ME30_Matrix/Mpos_Demo_20141017_ADDV2/Mpos_Demo/libs/libc_Cortex-M4_nofpu.a(strcpy.o)
 .data          0x1fffe008        0x0 E:/Debug-Matrix/branches/ME30国内PCI认证/ME30_Matrix/Mpos_Demo_20141017_ADDV2/Mpos_Demo/libs/libc_Cortex-M4_nofpu.a(strlen.o)
 .data          0x1fffe008        0x0 E:/Debug-Matrix/branches/ME30国内PCI认证/ME30_Matrix/Mpos_Demo_20141017_ADDV2/Mpos_Demo/libs/libc_Cortex-M4_nofpu.a(strtol.o)
 .data          0x1fffe008        0x0 E:/Debug-Matrix/branches/ME30国内PCI认证/ME30_Matrix/Mpos_Demo_20141017_ADDV2/Mpos_Demo/libs/libc_Cortex-M4_nofpu.a(ctype.o)
 .data          0x1fffe008        0x0 E:/Debug-Matrix/branches/ME30国内PCI认证/ME30_Matrix/Mpos_Demo_20141017_ADDV2/Mpos_Demo/libs/libc_Cortex-M4_nofpu.a(doprntx.o)
 .data          0x1fffe008        0x0 E:/Debug-Matrix/branches/ME30国内PCI认证/ME30_Matrix/Mpos_Demo_20141017_ADDV2/Mpos_Demo/libs/libc_Cortex-M4_nofpu.a(memchr.o)
 *(.data.*)
                0x1fffe008                . = ALIGN (0x4)
                0x1fffe008                _edata = .

.igot.plt       0x1fffe008        0x0 load address 0x00044280
 .igot.plt      0x00000000        0x0 E:/Debug-Matrix/branches/ME30国内PCI认证/ME30_Matrix/Mpos_Demo_20141017_ADDV2/Mpos_Demo/configs/ME30/NDK_Sysdep_ME30.o

.bss            0x1fffe008      0xe40 load address 0x00044280
                0x1fffe008                . = ALIGN (0x4)
                0x1fffe008                _sbss = .
 *(.bss)
 .bss           0x1fffe008        0x0 E:/Debug-Matrix/branches/ME30国内PCI认证/ME30_Matrix/Mpos_Demo_20141017_ADDV2/Mpos_Demo/configs/ME30/NDK_Sysdep_ME30.o
 .bss           0x1fffe008       0x18 E:\Debug-Matrix\branches\ME30国内PCI认证\ME30_Matrix\Mpos_Demo_20141017_ADDV2\Mpos_Demo\build\newland\ME30/api/api.o
 .bss           0x1fffe020      0xe24 E:\Debug-Matrix\branches\ME30国内PCI认证\ME30_Matrix\Mpos_Demo_20141017_ADDV2\Mpos_Demo\build\newland\ME30/cmd/cmd.o
                0x1fffe020                g_me31conf
                0x1fffe148                g_METPEDCtl
                0x1fffe19c                ME_Host_Command_Buf
                0x1fffe99c                RN1originalplaintext
                0x1fffe9ac                RN3origalplaintext
                0x1fffe9bc                AuthOK
                0x1fffe9c0                geoposition
                0x1fffea40                plaintextResponse
                0x1fffee40                unionpay_recv_OK
 .bss           0x1fffee44        0x0 E:/Debug-Matrix/branches/ME30国内PCI认证/ME30_Matrix/Mpos_Demo_20141017_ADDV2/Mpos_Demo/libs/libc_Cortex-M4_nofpu.a(atoi.o)
 .bss           0x1fffee44        0x0 E:/Debug-Matrix/branches/ME30国内PCI认证/ME30_Matrix/Mpos_Demo_20141017_ADDV2/Mpos_Demo/libs/libc_Cortex-M4_nofpu.a(memcmp.o)
 .bss           0x1fffee44        0x0 E:/Debug-Matrix/branches/ME30国内PCI认证/ME30_Matrix/Mpos_Demo_20141017_ADDV2/Mpos_Demo/libs/libc_Cortex-M4_nofpu.a(memcpy.o)
 .bss           0x1fffee44        0x0 E:/Debug-Matrix/branches/ME30国内PCI认证/ME30_Matrix/Mpos_Demo_20141017_ADDV2/Mpos_Demo/libs/libc_Cortex-M4_nofpu.a(memset.o)
 .bss           0x1fffee44        0x0 E:/Debug-Matrix/branches/ME30国内PCI认证/ME30_Matrix/Mpos_Demo_20141017_ADDV2/Mpos_Demo/libs/libc_Cortex-M4_nofpu.a(sprintf.o)
 .bss           0x1fffee44        0x0 E:/Debug-Matrix/branches/ME30国内PCI认证/ME30_Matrix/Mpos_Demo_20141017_ADDV2/Mpos_Demo/libs/libc_Cortex-M4_nofpu.a(strcmp.o)
 .bss           0x1fffee44        0x0 E:/Debug-Matrix/branches/ME30国内PCI认证/ME30_Matrix/Mpos_Demo_20141017_ADDV2/Mpos_Demo/libs/libc_Cortex-M4_nofpu.a(strcpy.o)
 .bss           0x1fffee44        0x0 E:/Debug-Matrix/branches/ME30国内PCI认证/ME30_Matrix/Mpos_Demo_20141017_ADDV2/Mpos_Demo/libs/libc_Cortex-M4_nofpu.a(strlen.o)
 .bss           0x1fffee44        0x0 E:/Debug-Matrix/branches/ME30国内PCI认证/ME30_Matrix/Mpos_Demo_20141017_ADDV2/Mpos_Demo/libs/libc_Cortex-M4_nofpu.a(strtol.o)
 .bss           0x1fffee44        0x0 E:/Debug-Matrix/branches/ME30国内PCI认证/ME30_Matrix/Mpos_Demo_20141017_ADDV2/Mpos_Demo/libs/libc_Cortex-M4_nofpu.a(ctype.o)
 .bss           0x1fffee44        0x0 E:/Debug-Matrix/branches/ME30国内PCI认证/ME30_Matrix/Mpos_Demo_20141017_ADDV2/Mpos_Demo/libs/libc_Cortex-M4_nofpu.a(doprntx.o)
 .bss           0x1fffee44        0x0 E:/Debug-Matrix/branches/ME30国内PCI认证/ME30_Matrix/Mpos_Demo_20141017_ADDV2/Mpos_Demo/libs/libc_Cortex-M4_nofpu.a(memchr.o)
 *(.bss.*)
 .bss.sysapi    0x1fffee44        0x4 E:/Debug-Matrix/branches/ME30国内PCI认证/ME30_Matrix/Mpos_Demo_20141017_ADDV2/Mpos_Demo/configs/ME30/NDK_Sysdep_ME30.o
                0x1fffee44                sysapi
 *(COMMON)
                0x1fffee48                . = ALIGN (0x4)
                0x1fffee48                _ebss = .
                0x1fffee48                _end = .

.ARM.exidx      0x1fffee48        0x0
                0x1fffee48                . = ALIGN (0x4)
 *(.exidx)
 *(.exidx.*)
START GROUP
LOAD E:/Debug-Matrix/branches/ME30国内PCI认证/ME30_Matrix/Mpos_Demo_20141017_ADDV2/Mpos_Demo/libs/libc_Cortex-M4_nofpu.a
END GROUP
OUTPUT(E:\Debug-Matrix\branches\ME30国内PCI认证\ME30_Matrix\Mpos_Demo_20141017_ADDV2\Mpos_Demo\build\newland\ME30/newland_ME30.elf elf32-littlearm)

.comment        0x00000000       0x70
 .comment       0x00000000       0x70 E:/Debug-Matrix/branches/ME30国内PCI认证/ME30_Matrix/Mpos_Demo_20141017_ADDV2/Mpos_Demo/configs/ME30/NDK_Sysdep_ME30.o
                                 0x71 (size before relaxing)
 .comment       0x00000000       0x71 E:\Debug-Matrix\branches\ME30国内PCI认证\ME30_Matrix\Mpos_Demo_20141017_ADDV2\Mpos_Demo\build\newland\ME30/api/api.o
 .comment       0x00000000      0x153 E:\Debug-Matrix\branches\ME30国内PCI认证\ME30_Matrix\Mpos_Demo_20141017_ADDV2\Mpos_Demo\build\newland\ME30/cmd/cmd.o
 .comment       0x00000000       0x71 E:/Debug-Matrix/branches/ME30国内PCI认证/ME30_Matrix/Mpos_Demo_20141017_ADDV2/Mpos_Demo/libs/libc_Cortex-M4_nofpu.a(atoi.o)
 .comment       0x00000000       0x71 E:/Debug-Matrix/branches/ME30国内PCI认证/ME30_Matrix/Mpos_Demo_20141017_ADDV2/Mpos_Demo/libs/libc_Cortex-M4_nofpu.a(memcmp.o)
 .comment       0x00000000       0x71 E:/Debug-Matrix/branches/ME30国内PCI认证/ME30_Matrix/Mpos_Demo_20141017_ADDV2/Mpos_Demo/libs/libc_Cortex-M4_nofpu.a(memcpy.o)
 .comment       0x00000000       0x71 E:/Debug-Matrix/branches/ME30国内PCI认证/ME30_Matrix/Mpos_Demo_20141017_ADDV2/Mpos_Demo/libs/libc_Cortex-M4_nofpu.a(memset.o)
 .comment       0x00000000       0x71 E:/Debug-Matrix/branches/ME30国内PCI认证/ME30_Matrix/Mpos_Demo_20141017_ADDV2/Mpos_Demo/libs/libc_Cortex-M4_nofpu.a(sprintf.o)
 .comment       0x00000000       0x71 E:/Debug-Matrix/branches/ME30国内PCI认证/ME30_Matrix/Mpos_Demo_20141017_ADDV2/Mpos_Demo/libs/libc_Cortex-M4_nofpu.a(strcmp.o)
 .comment       0x00000000       0x71 E:/Debug-Matrix/branches/ME30国内PCI认证/ME30_Matrix/Mpos_Demo_20141017_ADDV2/Mpos_Demo/libs/libc_Cortex-M4_nofpu.a(strcpy.o)
 .comment       0x00000000       0x71 E:/Debug-Matrix/branches/ME30国内PCI认证/ME30_Matrix/Mpos_Demo_20141017_ADDV2/Mpos_Demo/libs/libc_Cortex-M4_nofpu.a(strlen.o)
 .comment       0x00000000       0x71 E:/Debug-Matrix/branches/ME30国内PCI认证/ME30_Matrix/Mpos_Demo_20141017_ADDV2/Mpos_Demo/libs/libc_Cortex-M4_nofpu.a(strtol.o)
 .comment       0x00000000       0x71 E:/Debug-Matrix/branches/ME30国内PCI认证/ME30_Matrix/Mpos_Demo_20141017_ADDV2/Mpos_Demo/libs/libc_Cortex-M4_nofpu.a(ctype.o)
 .comment       0x00000000       0x71 E:/Debug-Matrix/branches/ME30国内PCI认证/ME30_Matrix/Mpos_Demo_20141017_ADDV2/Mpos_Demo/libs/libc_Cortex-M4_nofpu.a(doprntx.o)
 .comment       0x00000000       0x71 E:/Debug-Matrix/branches/ME30国内PCI认证/ME30_Matrix/Mpos_Demo_20141017_ADDV2/Mpos_Demo/libs/libc_Cortex-M4_nofpu.a(memchr.o)

.ARM.attributes
                0x00000000       0x33
 .ARM.attributes
                0x00000000       0x33 E:/Debug-Matrix/branches/ME30国内PCI认证/ME30_Matrix/Mpos_Demo_20141017_ADDV2/Mpos_Demo/configs/ME30/NDK_Sysdep_ME30.o
 .ARM.attributes
                0x00000033       0x33 E:\Debug-Matrix\branches\ME30国内PCI认证\ME30_Matrix\Mpos_Demo_20141017_ADDV2\Mpos_Demo\build\newland\ME30/api/api.o
 .ARM.attributes
                0x00000066       0x33 E:\Debug-Matrix\branches\ME30国内PCI认证\ME30_Matrix\Mpos_Demo_20141017_ADDV2\Mpos_Demo\build\newland\ME30/cmd/cmd.o
 .ARM.attributes
                0x00000099       0x33 E:/Debug-Matrix/branches/ME30国内PCI认证/ME30_Matrix/Mpos_Demo_20141017_ADDV2/Mpos_Demo/libs/libc_Cortex-M4_nofpu.a(atoi.o)
 .ARM.attributes
                0x000000cc       0x33 E:/Debug-Matrix/branches/ME30国内PCI认证/ME30_Matrix/Mpos_Demo_20141017_ADDV2/Mpos_Demo/libs/libc_Cortex-M4_nofpu.a(memcmp.o)
 .ARM.attributes
                0x000000ff       0x33 E:/Debug-Matrix/branches/ME30国内PCI认证/ME30_Matrix/Mpos_Demo_20141017_ADDV2/Mpos_Demo/libs/libc_Cortex-M4_nofpu.a(memcpy.o)
 .ARM.attributes
                0x00000132       0x33 E:/Debug-Matrix/branches/ME30国内PCI认证/ME30_Matrix/Mpos_Demo_20141017_ADDV2/Mpos_Demo/libs/libc_Cortex-M4_nofpu.a(memset.o)
 .ARM.attributes
                0x00000165       0x33 E:/Debug-Matrix/branches/ME30国内PCI认证/ME30_Matrix/Mpos_Demo_20141017_ADDV2/Mpos_Demo/libs/libc_Cortex-M4_nofpu.a(sprintf.o)
 .ARM.attributes
                0x00000198       0x33 E:/Debug-Matrix/branches/ME30国内PCI认证/ME30_Matrix/Mpos_Demo_20141017_ADDV2/Mpos_Demo/libs/libc_Cortex-M4_nofpu.a(strcmp.o)
 .ARM.attributes
                0x000001cb       0x33 E:/Debug-Matrix/branches/ME30国内PCI认证/ME30_Matrix/Mpos_Demo_20141017_ADDV2/Mpos_Demo/libs/libc_Cortex-M4_nofpu.a(strcpy.o)
 .ARM.attributes
                0x000001fe       0x33 E:/Debug-Matrix/branches/ME30国内PCI认证/ME30_Matrix/Mpos_Demo_20141017_ADDV2/Mpos_Demo/libs/libc_Cortex-M4_nofpu.a(strlen.o)
 .ARM.attributes
                0x00000231       0x33 E:/Debug-Matrix/branches/ME30国内PCI认证/ME30_Matrix/Mpos_Demo_20141017_ADDV2/Mpos_Demo/libs/libc_Cortex-M4_nofpu.a(strtol.o)
 .ARM.attributes
                0x00000264       0x33 E:/Debug-Matrix/branches/ME30国内PCI认证/ME30_Matrix/Mpos_Demo_20141017_ADDV2/Mpos_Demo/libs/libc_Cortex-M4_nofpu.a(ctype.o)
 .ARM.attributes
                0x00000297       0x33 E:/Debug-Matrix/branches/ME30国内PCI认证/ME30_Matrix/Mpos_Demo_20141017_ADDV2/Mpos_Demo/libs/libc_Cortex-M4_nofpu.a(doprntx.o)
 .ARM.attributes
                0x000002ca       0x33 E:/Debug-Matrix/branches/ME30国内PCI认证/ME30_Matrix/Mpos_Demo_20141017_ADDV2/Mpos_Demo/libs/libc_Cortex-M4_nofpu.a(memchr.o)
