Archive member included because of file (symbol)

E:/Debug-Matrix/branches/ME30国内PCI认证/ME30_Matrix/Mpos_Demo_20141017_ADDV2/Mpos_Demo/libs/libc_Cortex-M4_nofpu.a(atoi.o)
                              E:\Debug-Matrix\branches\ME30国内PCI认证\ME30_Matrix\Mpos_Demo_20141017_ADDV2\Mpos_Demo\build\common\ME30F/cmd/cmd.o (atoi)
E:/Debug-Matrix/branches/ME30国内PCI认证/ME30_Matrix/Mpos_Demo_20141017_ADDV2/Mpos_Demo/libs/libc_Cortex-M4_nofpu.a(memcmp.o)
                              E:\Debug-Matrix\branches\ME30国内PCI认证\ME30_Matrix\Mpos_Demo_20141017_ADDV2\Mpos_Demo\build\common\ME30F/cmd/cmd.o (memcmp)
E:/Debug-Matrix/branches/ME30国内PCI认证/ME30_Matrix/Mpos_Demo_20141017_ADDV2/Mpos_Demo/libs/libc_Cortex-M4_nofpu.a(memcpy.o)
                              E:\Debug-Matrix\branches\ME30国内PCI认证\ME30_Matrix\Mpos_Demo_20141017_ADDV2\Mpos_Demo\build\common\ME30F/api/api.o (memcpy)
E:/Debug-Matrix/branches/ME30国内PCI认证/ME30_Matrix/Mpos_Demo_20141017_ADDV2/Mpos_Demo/libs/libc_Cortex-M4_nofpu.a(memset.o)
                              E:\Debug-Matrix\branches\ME30国内PCI认证\ME30_Matrix\Mpos_Demo_20141017_ADDV2\Mpos_Demo\build\common\ME30F/api/api.o (memset)
E:/Debug-Matrix/branches/ME30国内PCI认证/ME30_Matrix/Mpos_Demo_20141017_ADDV2/Mpos_Demo/libs/libc_Cortex-M4_nofpu.a(printf.o)
                              E:\Debug-Matrix\branches\ME30国内PCI认证\ME30_Matrix\Mpos_Demo_20141017_ADDV2\Mpos_Demo\build\common\ME30F/api/api.o (printf)
E:/Debug-Matrix/branches/ME30国内PCI认证/ME30_Matrix/Mpos_Demo_20141017_ADDV2/Mpos_Demo/libs/libc_Cortex-M4_nofpu.a(sprintf.o)
                              E:/Debug-Matrix/branches/ME30国内PCI认证/ME30_Matrix/Mpos_Demo_20141017_ADDV2/Mpos_Demo/configs/ME30F/NDK_Sysdep_ME30F.o (vsprintf)
E:/Debug-Matrix/branches/ME30国内PCI认证/ME30_Matrix/Mpos_Demo_20141017_ADDV2/Mpos_Demo/libs/libc_Cortex-M4_nofpu.a(strcmp.o)
                              E:\Debug-Matrix\branches\ME30国内PCI认证\ME30_Matrix\Mpos_Demo_20141017_ADDV2\Mpos_Demo\build\common\ME30F/cmd/cmd.o (strcmp)
E:/Debug-Matrix/branches/ME30国内PCI认证/ME30_Matrix/Mpos_Demo_20141017_ADDV2/Mpos_Demo/libs/libc_Cortex-M4_nofpu.a(strcpy.o)
                              E:\Debug-Matrix\branches\ME30国内PCI认证\ME30_Matrix\Mpos_Demo_20141017_ADDV2\Mpos_Demo\build\common\ME30F/cmd/cmd.o (strcpy)
E:/Debug-Matrix/branches/ME30国内PCI认证/ME30_Matrix/Mpos_Demo_20141017_ADDV2/Mpos_Demo/libs/libc_Cortex-M4_nofpu.a(strlen.o)
                              E:\Debug-Matrix\branches\ME30国内PCI认证\ME30_Matrix\Mpos_Demo_20141017_ADDV2\Mpos_Demo\build\common\ME30F/api/api.o (strlen)
E:/Debug-Matrix/branches/ME30国内PCI认证/ME30_Matrix/Mpos_Demo_20141017_ADDV2/Mpos_Demo/libs/libc_Cortex-M4_nofpu.a(strtol.o)
                              E:/Debug-Matrix/branches/ME30国内PCI认证/ME30_Matrix/Mpos_Demo_20141017_ADDV2/Mpos_Demo/libs/libc_Cortex-M4_nofpu.a(atoi.o) (strtol)
E:/Debug-Matrix/branches/ME30国内PCI认证/ME30_Matrix/Mpos_Demo_20141017_ADDV2/Mpos_Demo/libs/libc_Cortex-M4_nofpu.a(ctype.o)
                              E:/Debug-Matrix/branches/ME30国内PCI认证/ME30_Matrix/Mpos_Demo_20141017_ADDV2/Mpos_Demo/libs/libc_Cortex-M4_nofpu.a(strtol.o) (_ctype)
E:/Debug-Matrix/branches/ME30国内PCI认证/ME30_Matrix/Mpos_Demo_20141017_ADDV2/Mpos_Demo/libs/libc_Cortex-M4_nofpu.a(doprntx.o)
                              E:/Debug-Matrix/branches/ME30国内PCI认证/ME30_Matrix/Mpos_Demo_20141017_ADDV2/Mpos_Demo/libs/libc_Cortex-M4_nofpu.a(printf.o) (_doprntx)
E:/Debug-Matrix/branches/ME30国内PCI认证/ME30_Matrix/Mpos_Demo_20141017_ADDV2/Mpos_Demo/libs/libc_Cortex-M4_nofpu.a(memchr.o)
                              E:/Debug-Matrix/branches/ME30国内PCI认证/ME30_Matrix/Mpos_Demo_20141017_ADDV2/Mpos_Demo/libs/libc_Cortex-M4_nofpu.a(doprntx.o) (memchr)
E:/Debug-Matrix/branches/ME30国内PCI认证/ME30_Matrix/Mpos_Demo_20141017_ADDV2/Mpos_Demo/libs/lpub.a(ltool.o)
                              E:\Debug-Matrix\branches\ME30国内PCI认证\ME30_Matrix\Mpos_Demo_20141017_ADDV2\Mpos_Demo\build\common\ME30F/api/api.o (PubAscToHex)
E:/Debug-Matrix/branches/ME30国内PCI认证/ME30_Matrix/Mpos_Demo_20141017_ADDV2/Mpos_Demo/libs/lpub.a(lui.o)
                              E:/Debug-Matrix/branches/ME30国内PCI认证/ME30_Matrix/Mpos_Demo_20141017_ADDV2/Mpos_Demo/libs/lpub.a(ltool.o) (PubClearAll)
E:/Debug-Matrix/branches/ME30国内PCI认证/ME30_Matrix/Mpos_Demo_20141017_ADDV2/Mpos_Demo/libs/lpub.a(tooldebug.o)
                              E:/Debug-Matrix/branches/ME30国内PCI认证/ME30_Matrix/Mpos_Demo_20141017_ADDV2/Mpos_Demo/libs/lpub.a(lui.o) (PubGetDebugMode)
E:/Debug-Matrix/branches/ME30国内PCI认证/ME30_Matrix/Mpos_Demo_20141017_ADDV2/Mpos_Demo/libs/lpub.a(ldisp.o)
                              E:/Debug-Matrix/branches/ME30国内PCI认证/ME30_Matrix/Mpos_Demo_20141017_ADDV2/Mpos_Demo/libs/lpub.a(lui.o) (BsClearAll)
E:/Debug-Matrix/branches/ME30国内PCI认证/ME30_Matrix/Mpos_Demo_20141017_ADDV2/Mpos_Demo/libs/lpub.a(linput.o)
                              E:/Debug-Matrix/branches/ME30国内PCI认证/ME30_Matrix/Mpos_Demo_20141017_ADDV2/Mpos_Demo/libs/lpub.a(lui.o) (BsInputxy)
[...]
Memory Configuration

Name             Origin             Length             Attributes
RAM              0x20000000         0x00010000
NOR              0x00060000         0x00080000
*default*        0x00000000         0xffffffff

Linker script and memory map

LOAD E:/Debug-Matrix/branches/ME30国内PCI认证/ME30_Matrix/Mpos_Demo_20141017_ADDV2/Mpos_Demo/configs/ME30F/NDK_Sysdep_ME30F.o
LOAD E:\Debug-Matrix\branches\ME30国内PCI认证\ME30_Matrix\Mpos_Demo_20141017_ADDV2\Mpos_Demo\build\common\ME30F/api/api.o
LOAD E:\Debug-Matrix\branches\ME30国内PCI认证\ME30_Matrix\Mpos_Demo_20141017_ADDV2\Mpos_Demo\build\common\ME30F/cmd/cmd.o
LOAD E:\Debug-Matrix\branches\ME30国内PCI认证\ME30_Matrix\Mpos_Demo_20141017_ADDV2\Mpos_Demo\build\common\ME30F/app/app.o
LOAD c:/program files (x86)/gnu tools arm embedded/4.7 2012q4/bin/../lib/gcc/arm-none-eabi/4.7.3/armv7e-m/\libgcc.a

.mod_init       0x00060000       0x28
                0x00060000                _stext = .
 *(.mod.header)
 .mod.header    0x00060000       0x28 E:/Debug-Matrix/branches/ME30国内PCI认证/ME30_Matrix/Mpos_Demo_20141017_ADDV2/Mpos_Demo/configs/ME30F/NDK_Sysdep_ME30F.o

.text           0x00060028    0x4303e
                0x00060028                . = ALIGN (0x4)
 *(.text)
 .text          0x00060028     0x1328 E:/Debug-Matrix/branches/ME30国内PCI认证/ME30_Matrix/Mpos_Demo_20141017_ADDV2/Mpos_Demo/configs/ME30F/NDK_Sysdep_ME30F.o
                0x00060028                default_fn
                0x00060028                appmod_init
                0x00060028                appmod_export
                0x0006002c                module_init
                0x0006003c                NDK_ScrInitGui
                0x00060040                NDK_ScrGetVer
                0x00060050                NDK_ScrSetAttr
                0x00060060                NDK_ScrPush
                0x00060070                NDK_ScrPop
                0x00060080                NDK_ScrSetbgPic
                0x00060090                NDK_ScrClrbgPic
                0x000600a0                NDK_ScrClrs
                0x000600b0                NDK_ScrClrLine
                0x000600c0                NDK_ScrSetViewPort
                0x000600d0                NDK_ScrGetViewPort
                0x000600e0                NDK_ScrDispString
                0x000600f0                NDK_ScrLine
                0x00060104                NDK_ScrDrawBitmap
                0x00060118                NDK_ScrRectangle
                0x00060134                NDK_ScrDispPic
                0x00060148                NDK_ScrPrintf
                0x00060190                NDK_ScrGotoxy
                0x000601a0                NDK_ScrGetxy
                0x000601b0                NDK_ScrGetPixel
                0x000601c0                NDK_ScrPutPixel
                0x000601d0                NDK_ScrRefresh
                0x000601e0                NDK_ScrFullRefresh
                0x000601f0                NDK_ScrAutoUpdate
                0x00060200                NDK_ScrGetLcdSize
                0x00060210                NDK_ScrGetColorDepth
                0x00060220                NDK_ScrBackLight
                0x00060230                NDK_ScrSetContrast
                0x00060240                NDK_ScrSetFontType
                0x00060250                NDK_ScrGetFontSize
                0x00060260                NDK_ScrFontAdd
                0x00060270                NDK_ScrSetSpace
                0x00060280                NDK_ScrSetFontColor
                0x00060290                NDK_ScrStatusbar
                0x000602a4                NDK_ScrLoadBDF
                0x000602b8                NDK_ScrDispBDFText
                0x000602cc                NDK_KbGetCode
                0x000602e0                NDK_KbFlush
                0x000602f4                NDK_KbHit
                0x00060308                NDK_KbSwitch
                0x0006031c                NDK_KbGetSwitch
                0x00060330                NDK_KbGetInput
                0x00060358                NDK_KbHZInput
                0x0006036c                NDK_PortOpen
                0x00060380                NDK_PortClose
                0x00060394                NDK_PortRead
                0x000603ac                NDK_PortWrite
                0x000603c0                NDK_PortTxSendOver
                0x000603d4                NDK_PortClrBuf
                0x000603e8                NDK_PortReadLen
                0x000603fc                NDK_Getlibver
                0x00060410                NDK_SysInit
                0x00060424                NDK_SysDelay
                0x00060438                NDK_SysMsDelay
                0x0006044c                NDK_SysReboot
                0x00060460                NDK_SysShutDown
                0x00060474                NDK_SysBeep
                0x00060488                NDK_SysSetBeepVol
                0x0006049c                NDK_SysGetBeepVol
                0x000604b0                NDK_SysSetSuspend
                0x000604c4                NDK_SysGoSuspend
                0x000604d8                NDK_SysGetPowerVol
                0x000604ec                NDK_SysSetPosTime
                0x00060520                NDK_SysGetPosTime
                0x00060534                NDK_SysReadFont
                0x00060548                NDK_LedStatus
                0x0006055c                NDK_LedSetFlickParam
                0x00060584                NDK_SysStartWatch
                0x00060598                NDK_SysReadWatch
                0x000605ac                NDK_SysStopWatch
                0x000605c0                NDK_SysTimeBeep
                0x000605d4                NDK_SysStartStopBeep
                0x000605e8                NDK_SysGetConfigInfo
                0x000605fc                NDK_SysGetPosInfo
                0x00060610                NDK_FsOpen
                0x00060624                NDK_FsClose
                0x00060638                NDK_FsRead
                0x0006064c                NDK_FsWrite
                0x00060660                NDK_FsSeek
                0x00060674                NDK_FsDel
                0x00060688                NDK_FsFileSize
                0x0006069c                NDK_FsExist
                0x000606b0                NDK_FsTruncate
                0x000606c4                NDK_FsTell
                0x000606d8                NDK_FsGetDiskSpace
                0x000606ec                NDK_FsRename
                0x00060700                NDK_FsFormat
                0x00060714                NDK_AppRun
                0x00060728                NDK_LibLoad
                0x0006073c                NDK_AppDoEvent
                0x00060758                NDK_AppEXECV
                0x0006076c                NDK_AppLoad
                0x00060780                NDK_AppGetInfo
                0x00060794                NDK_AppDel
                0x000607a8                NDK_MagOpen
                0x000607bc                NDK_MagClose
                0x000607d0                NDK_MagReset
                0x000607e4                NDK_MagSwiped
                0x000607f8                NDK_MagReadNormal
                0x0006080c                NDK_MagReadRaw
                0x00060828                NDK_RfidVersion
                0x0006083c                NDK_RfidInit
                0x00060850                NDK_RfidOpenRf
                0x00060864                NDK_RfidCloseRf
                0x00060878                NDK_RfidPiccState
                0x0006088c                NDK_RfidSuspend
                0x000608a0                NDK_RfidResume
                0x000608b4                NDK_RfidPiccType
                0x000608c8                NDK_RfidPiccDetect
                0x000608dc                NDK_RfidPiccActivate
                0x000608f0                NDK_RfidPiccDeactivate
                0x00060904                NDK_RfidPiccApdu
                0x00060918                NDK_M1Request
                0x0006092c                NDK_M1Anti
                0x00060940                NDK_M1Select
                0x00060954                NDK_M1KeyStore
                0x00060968                NDK_M1KeyLoad
                0x0006097c                NDK_M1InternalAuthen
                0x00060990                NDK_M1ExternalAuthen
                0x000609a8                NDK_M1Read
                0x000609bc                NDK_M1Write
                0x000609d0                NDK_M1Increment
                0x000609e4                NDK_M1Decrement
                0x000609f8                NDK_M1Transfer
                0x00060a0c                NDK_M1Restore
                0x00060a20                NDK_M1halt
                0x00060a34                NDK_PiccQuickRequest
                0x00060a48                NDK_SetIgnoreProtocol
                0x00060a5c                NDK_GetIgnoreProtocol
                0x00060a70                NDK_GetRfidType
                0x00060a84                NDK_PrnInit
                0x00060a98                NDK_PrnStr
                0x00060aac                NDK_PrnStart
                0x00060ac0                NDK_PrnImage
                0x00060ad4                NDK_PrnGetVersion
                0x00060ae8                NDK_PrnSetFont
                0x00060afc                NDK_PrnGetStatus
                0x00060b10                NDK_PrnSetMode
                0x00060b24                NDK_PrnIntegrate
                0x00060b48                NDK_PrnSetGreyScale
                0x00060b5c                NDK_PrnSetForm
                0x00060b70                NDK_PrnFeedByPixel
                0x00060b84                NDK_PrnSetUnderLine
                0x00060b98                NDK_PrnFontRegister
                0x00060bac                NDK_PrnSetUsrFont
                0x00060bc0                NDK_PrnGetDotLine
                0x00060bd4                NDK_PrnPicture
                0x00060be8                NDK_PrnSetPageLen
                0x00060bfc                NDK_PrnLoadBDFFont
                0x00060c10                NDK_PrnBDFStr
                0x00060c24                NDK_PrnSetBDF
                0x00060c3c                NDK_PrnGetType
                0x00060c50                NDK_IccGetVersion
                0x00060c64                NDK_IccDetect
                0x00060c78                NDK_IccPowerUp
                0x00060c8c                NDK_IccPowerDown
                0x00060ca0                NDK_Iccrw
                0x00060cb8                NDK_IccSetType
                0x00060ccc                NDK_IccGetType
                0x00060ce0                NDK_AlgTDes
                0x00060cf8                NDK_AlgSHA1
                0x00060d0c                NDK_AlgSHA256
                0x00060d20                NDK_SecGetVer
                0x00060d34                NDK_SecGetRandom
                0x00060d48                NDK_SecSetCfg
                0x00060d5c                NDK_SecGetCfg
                0x00060d70                NDK_SecGetKcv
                0x00060d84                NDK_SecKeyErase
                0x00060d98                NDK_SecLoadKey
                0x00060dac                NDK_SecLoadKeyWithOtherKey
                0x00060dc0                NDK_SecSetIntervaltime
                0x00060dd4                NDK_SecSetFunctionKey
                0x00060de8                NDK_SecGetMac
                0x00060e00                NDK_SecGetPin
                0x00060e1c                NDK_SecCalcDes
                0x00060e38                NDK_SecCalcDesWithTPK
                0x00060e54                NDK_SecVerifyPlainPin
                0x00060e6c                NDK_SecVerifyCipherPin
                0x00060e88                NDK_SecLoadTIK
                0x00060ea4                NDK_SecGetDukptKsn
                0x00060eb8                NDK_SecIncreaseDukptKsn
                0x00060ecc                NDK_SecGetPinDukpt
                0x00060ef0                NDK_SecGetMacDukpt
                0x00060f0c                NDK_SecCalcDesDukpt
                0x00060f34                NDK_SecLoadRsaKey
                0x00060f48                NDK_SecRecover
                0x00060f5c                NDK_SecGetPinResult
                0x00060f70                NDK_SecSetKeyOwner
                0x00060f84                NDK_SecGetTamperStatus
                0x00060f98                NDK_AddDigitStr
                0x00060fac                NDK_IncNum
                0x00060fc0                NDK_FmtAmtStr
                0x00060fd4                NDK_AscToHex
                0x00060fe8                NDK_HexToAsc
                0x00060ffc                NDK_IntToC4
                0x00061010                NDK_IntToC2
                0x00061024                NDK_C4ToInt
                0x00061038                NDK_C2ToInt
                0x0006104c                NDK_ByteToBcd
                0x00061060                NDK_BcdToByte
                0x00061074                NDK_IntToBcd
                0x00061088                NDK_BcdToInt
                0x0006109c                NDK_CalcLRC
                0x000610b0                NDK_LeftTrim
                0x000610c4                NDK_RightTrim
                0x000610d8                NDK_AllTrim
                0x000610ec                NDK_AddSymbolToStr
                0x00061100                NDK_SubStr
                0x00061118                NDK_IsDigitChar
                0x0006112c                NDK_IsDigitStr
                0x00061140                NDK_IsLeapYear
                0x00061154                NDK_MonthDays
                0x00061168                NDK_IsValidDate
                0x0006117c                Private_SysSetPosInfo
                0x00061190                _enableBT_settingmode
                0x000611a4                _enableBTport
                0x000611b8                NDK_NET_WLMSendAtCmd_bluetooth
                0x000611cc                NDK_NET_WLMGetAtRet_bluetooth
                0x000611e0                NDK_BTSetPIN
                0x000611f4                NDK_BTGetPIN
                0x00061208                NDK_BTSetPinMode
                0x0006121c                NDK_BTSetNAME
                0x00061230                NDK_BTGetNAME
                0x00061244                NDK_BTGetVer
                0x00061258                NDK_BTGet_BDADDR
                0x0006126c                NDK_BTGet_PEER_BDADDR
                0x00061280                NDK_BTreset
                0x00061294                NDK_BTinit
                0x000612a8                NDK_BTSuspend
                0x000612bc                NDK_BTWakeup
                0x000612d0                NDK_BTReadStatus
                0x000612e4                Private_SecClrTamperStatus
                0x000612f8                Private_Ioctl
                0x0006130c                private_rfid_writeconfig
                0x00061320                private_rfid_outregpara
                0x00061334                private_Cicc_PiccSeekActive
 .text          0x00061350     0x1490 E:\Debug-Matrix\branches\ME30国内PCI认证\ME30_Matrix\Mpos_Demo_20141017_ADDV2\Mpos_Demo\build\common\ME30F/api/api.o
                0x00061350                ClrBackChar
                0x000613a8                ClrLine
                0x000613cc                DispOneChar
                0x000613f2                DispAlphaChar
                0x0006142a                IsAscii
                0x00061438                IsHZ
                0x00061448                me_ScrGotoxy
                0x00061474                me_ScrGetxy
                0x000614a0                me_ScrDispString
                0x000614d8                mpos_DispStrXY
                0x0006153e                mpos_DispImage
                0x000615e2                me_show_bt_icon
                0x000615fc                me_SysGetPowerVol
                0x00061630                ME_DispStaBar
                0x00061670                me_ScrClrs
                0x000617ea                TlvAdd
                0x000618bc                GetTagByBuf
                0x000618fa                Tlv_Tag2List
                0x0006194a                parse_tlv
                0x000619a2                fetch_tlv
                0x000619de                find_dup_tlv
                0x00061a0a                decode_tag
                0x00061a66                mpos_clearonetlv
                0x00061bb4                mpos_writeonetlv
                0x00061dc0                mpos_readonetlv
                0x00061ee8                mpos_writemacdata
                0x00062034                mpos_readmacdata
                0x00062130                ME_TlvInit
                0x00062194                CommandParse_IccPowerUp
                0x00062194                CommandParse_OpenRecords
                0x00062194                CommandParse_LoadWKey
                0x00062194                CommandParse_PasswordInput
                0x00062194                CommandParse_KbGetCode
                0x00062194                CommandParse_QPboc_Pboc
                0x00062194                CommandParse_RFIDPowerDown
                0x00062194                CommandParse_DispImage
                0x00062194                CommandParse_GetMagCard_ENC
                0x00062194                CommandParse_LoadDukpt
                0x00062194                CommandParse_GetMagCardAuthen
                0x00062194                CommandParse_CommTest
                0x00062194                CommandParse_Dispstr
                0x00062194                CommandParse_OpenCard
                0x00062194                CommandParse_SetGreyScale
                0x00062194                CommandParse_SetFont
                0x00062194                CommandParse_SetBacklight
                0x00062194                CommandParse_BlinkingLights
                0x00062194                CommandParse_DownloadMode
                0x00062194                CommandParse_KbHit
                0x00062194                CommandParse_GetTerminalParam
                0x00062194                CommandParse_RFIDPowerup
                0x00062194                CommandParse_PrnInit
                0x00062194                CommandParse_ShutDown
                0x00062194                CommandParse_PbocCapk_Set
                0x00062194                CommandParse_GetRecordNum
                0x00062194                CommandParse_GetPrnStatus
                0x00062194                CommandParse_M1AuthKey
                0x00062194                CommandParse_SetLcdXY
                0x00062194                CommandParse_Pboc_Standard
                0x00062194                CommandParse_M1StoreKey
                0x00062194                CommandParse_BTDisconnect
                0x00062194                CommandParse_WriteRecord
                0x00062194                CommandParse_M1Auth
                0x00062194                CommandParse_PbocAid_Set
                0x00062194                CommandParse_PaperSkip
                0x00062194                CommandParse_DrawLine
                0x00062194                CommandParse_ScanStringInstruction
                0x00062194                CommandParse_DataMac
                0x00062194                CommandParse_GetFontSize
                0x00062194                CommandParse_ReadDeviceInformation
                0x00062194                CommandParse_CheckData
                0x00062194                CommandParse_Pboc_SencAuth
                0x00062194                CommandParse_Pboc_End
                0x00062194                CommandParse_Pboc_GetData
                0x00062194                CommandParse_SetFontColor
                0x00062194                CommandParse_GetRecord
                0x00062194                CommandParse_M1ReadBlock
                0x00062194                CommandParse_OpenCard_ME30
                0x00062194                CommandParse_M1Decrement
                0x00062194                CommandParse_Pboc_GetLastWaterinfo
                0x00062194                CommandParse_SetRefreshMode
                0x00062194                CommandParse_CancelReset
                0x00062194                CommandParse_GetRandomNumber
                0x00062194                CommandParse_RFIDAPDU
                0x00062194                CommandParse_GetLcdAttr
                0x00062194                CommandParse_SetFontType
                0x00062194                CommandParse_PrintNormal
                0x00062194                CommandParse_Setting
                0x00062194                CommandParse_SetLineSpace
                0x00062194                CommandParse_CommMode_ME30
                0x00062194                CommandParse_SetDispMode
                0x00062194                CommandParse_M1LoadKey
                0x00062194                CommandParse_WriteEquipmentInformation
                0x00062194                CommandParse_SetTerminalParam
                0x00062194                CommandParse_LoadKey_ME30
                0x00062194                CommandParse_M1WriteBlock
                0x00062194                ME_DefaultCmd
                0x00062194                CommandParse_Refresh
                0x00062194                CommandParse_PasswordInput_ME30
                0x00062194                CommandParse_IccSetType
                0x00062194                CommandParse_GetLcdXY
                0x00062194                CommandParse_Buzzer
                0x00062194                CommandParse_CloseCard
                0x00062194                CommandParse_IccPowerDown
                0x00062194                CommandParse_ModifyRecord
                0x00062194                CommandParse_ClearScreen
                0x00062194                CommandParse_IccDetect
                0x00062194                CommandParse_DrawRectangle
                0x00062194                CommandParse_M1Increment
                0x00062194                CommandParse_LoadApp
                0x00062194                CommandParse_ReadDeviceInfoPro
                0x00062194                CommandParse_DataEncryptionOrDecryption
                0x00062194                CommandParse_TranPro_Set
                0x00062194                CommandParse_SetDateTime
                0x00062194                CommandParse_DeviceAuth
                0x00062194                CommandParse_GetDateTime
                0x00062194                CommandParse_LoadMenu
                0x00062194                CommandParse_LoadMKey
                0x00062194                CommandParse_KbGetString
                0x00062194                CommandParse_GetMagCard_ME30
                0x00062194                CommandParse_Iccrw
                0x0006219a                ME_Endian_Swab16
                0x000621a4                ME_Endian_Swab32
                0x000621a8                ME_Bcd2Int
                0x000621e6                ME_Int2Bcd
                0x00062244                ME_ReadLen
                0x00062248                ME_WriteLen
                0x0006224c                ME_GetVar
                0x000622f6                ME_Send_Responsion_To_Host
                0x000623f8                ME_API_COMInit
                0x0006242c                ME_SetVar
                0x0006267c                ME_Printf
                0x000627b4                ME_GetCmdOffset
                0x000627b8                ME_GetVarOffset
                0x000627bc                ME_GetVarLen
                0x000627c4                ME_API_COMClose
                0x000627d0                ME_GetMessageType
 .text          0x000627e0     0x1cf8 E:\Debug-Matrix\branches\ME30国内PCI认证\ME30_Matrix\Mpos_Demo_20141017_ADDV2\Mpos_Demo\build\common\ME30F/cmd/cmd.o
                0x000627e0                ME_SysExtraAction
                0x000627e6                ME_SecKekInit
                0x0006281c                ME_FsWrite
                0x00062880                ME_FsRead
                0x00062924                Default_ME_MKSetup
                0x00062924                ME_MKSetup
                0x00062a98                ME_ConfigNew
                0x00062b58                ME_ConfigConvert
                0x00062c54                ME_ConfigInit
                0x00062d5c                ME_JudgeValue
                0x00062da0                ME_ChangePosDate
                0x00062fd0                ME_ChangePosTime
                0x000631ac                ME_SetDateTime
                0x000631f8                ME_DebugSwitch
                0x0006328c                ME_ScrSetContrast
                0x00063368                ME_FuncMenu
                0x00063470                ME_Sysmanage
                0x000634e0                ME_SetCommMode
                0x00063550                ME_Disp_Bitmap
                0x00063650                ME_PasswordMenu
                0x000636f8                ME_UsbParaSet
                0x0006376c                ME_AudioParaSet
                0x00063810                ME_KbHit
                0x00063848                ME_SetFrushTime
                0x00063858                ME31_PEDInit
                0x000638d8                _NDK_SysSetPosInfo
                0x000638f8                ME31_PEDMain
                0x000639e0                putchar
                0x00063a0c                UnionPay_Recv
                0x00063bfc                UnionPay_Send
                0x00063e4c                CommandParse_MutualAuth1
                0x00063f68                CommandParse_MutualAuth2
                0x00064190                CommandParse_MutualAuth3
                0x000643d4                CommandParse_SetGeoPosition
                0x00064448                CommandParse_UnionPayCall
 .text          0x000644d8      0x1cc E:\Debug-Matrix\branches\ME30国内PCI认证\ME30_Matrix\Mpos_Demo_20141017_ADDV2\Mpos_Demo\build\common\ME30F/app/app.o
                0x000644d8                ME_DeviceInfo
                0x0006459c                ME_BtFormat
                0x00064610                ME_SysGetPosInfo
                0x0006467c                ME_ParaInit
 .text          0x000646a4        0x8 E:/Debug-Matrix/branches/ME30国内PCI认证/ME30_Matrix/Mpos_Demo_20141017_ADDV2/Mpos_Demo/libs/libc_Cortex-M4_nofpu.a(atoi.o)
                0x000646a4                atoi
 .text          0x000646ac       0x1e E:/Debug-Matrix/branches/ME30国内PCI认证/ME30_Matrix/Mpos_Demo_20141017_ADDV2/Mpos_Demo/libs/libc_Cortex-M4_nofpu.a(memcmp.o)
                0x000646ac                memcmp
 .text          0x000646ca       0x12 E:/Debug-Matrix/branches/ME30国内PCI认证/ME30_Matrix/Mpos_Demo_20141017_ADDV2/Mpos_Demo/libs/libc_Cortex-M4_nofpu.a(memcpy.o)
                0x000646ca                memcpy
 .text          0x000646dc       0x10 E:/Debug-Matrix/branches/ME30国内PCI认证/ME30_Matrix/Mpos_Demo_20141017_ADDV2/Mpos_Demo/libs/libc_Cortex-M4_nofpu.a(memset.o)
                0x000646dc                memset
 .text          0x000646ec       0x44 E:/Debug-Matrix/branches/ME30国内PCI认证/ME30_Matrix/Mpos_Demo_20141017_ADDV2/Mpos_Demo/libs/libc_Cortex-M4_nofpu.a(printf.o)
                0x000646f0                printf
                0x00064710                puts
 .text          0x00064730       0x4c E:/Debug-Matrix/branches/ME30国内PCI认证/ME30_Matrix/Mpos_Demo_20141017_ADDV2/Mpos_Demo/libs/libc_Cortex-M4_nofpu.a(sprintf.o)
                0x0006473a                vsprintf
                0x00064758                sprintf
 .text          0x0006477c       0x1a E:/Debug-Matrix/branches/ME30国内PCI认证/ME30_Matrix/Mpos_Demo_20141017_ADDV2/Mpos_Demo/libs/libc_Cortex-M4_nofpu.a(strcmp.o)
                0x0006477c                strcmp
 .text          0x00064796        0xe E:/Debug-Matrix/branches/ME30国内PCI认证/ME30_Matrix/Mpos_Demo_20141017_ADDV2/Mpos_Demo/libs/libc_Cortex-M4_nofpu.a(strcpy.o)
                0x00064796                strcpy
 .text          0x000647a4       0x10 E:/Debug-Matrix/branches/ME30国内PCI认证/ME30_Matrix/Mpos_Demo_20141017_ADDV2/Mpos_Demo/libs/libc_Cortex-M4_nofpu.a(strlen.o)
                0x000647a4                strlen
 .text          0x000647b4       0xfc E:/Debug-Matrix/branches/ME30国内PCI认证/ME30_Matrix/Mpos_Demo_20141017_ADDV2/Mpos_Demo/libs/libc_Cortex-M4_nofpu.a(strtol.o)
                0x000647b4                strtol
 .text          0x000648b0        0x0 E:/Debug-Matrix/branches/ME30国内PCI认证/ME30_Matrix/Mpos_Demo_20141017_ADDV2/Mpos_Demo/libs/libc_Cortex-M4_nofpu.a(ctype.o)
 .text          0x000648b0      0x418 E:/Debug-Matrix/branches/ME30国内PCI认证/ME30_Matrix/Mpos_Demo_20141017_ADDV2/Mpos_Demo/libs/libc_Cortex-M4_nofpu.a(doprntx.o)
                0x000648b0                _doprntx
 .text          0x00064cc8        0xc E:/Debug-Matrix/branches/ME30国内PCI认证/ME30_Matrix/Mpos_Demo_20141017_ADDV2/Mpos_Demo/libs/libc_Cortex-M4_nofpu.a(memchr.o)
                0x00064cc8                memchr
 .text          0x00064cd4     0x2a14 E:/Debug-Matrix/branches/ME30国内PCI认证/ME30_Matrix/Mpos_Demo_20141017_ADDV2/Mpos_Demo/libs/lpub.a(ltool.o)
                0x00064cf8                PubFLBLengthSet
                0x00064d48                PubFLBLengthGet
                0x00064d94                PubFPBBitmapUnPack
                0x00064de2                PubFPBBinaryUnPack
                0x00064e24                PubFPACharUnPack
                0x00064f12                PubFPBBinaryPack
                0x00064f60                PubFPBBitmapPack
                0x000650b0                PubFPACharPack
                0x00065220                PubAscAddAsc
                0x00065234                PubAscSubAsc
                0x000653e0                PubAscMulAsc
                0x0006548c                PubIncNum
                0x000654d8                PubFmtAmtStr
                0x00065538                PubAscToHex
                0x000655a0                PubFPBAmountPack
                0x00065664                PubFPBCharPack
                0x00065694                PubFPBMsgIDpack
                0x000656bc                PubHexToAsc
                0x00065716                PubFPBAmountUnPack
                0x00065770                PubFPBCharUnPack
                0x000657dc                PubFPBMsgIDUnpack
                0x00065812                PubIntToC4
                0x00065824                PubIntToC2
                0x00065834                PubC4ToInt
                0x00065850                PubC2ToInt
                0x00065902                PubByteToBcd
                0x00065922                PubBcdToByte
                0x00065948                PubIntToBcd
                0x00065990                PubBcdToInt
                0x000659ca                PubCalcLRC
                0x000659f0                PubLeftTrim
                0x00065a1e                PubRightTrim
                0x00065a42                PubAllTrim
                0x00065a86                PubAddSymbolToStr
                0x00065b1a                PubLeftTrimChar
                0x00065b48                PubConvAmount
                0x00065c08                PubIsDigitStr
                0x00065c22                PubAddDigitStr
                0x00065d36                PubIsDigitChar
                0x00065d44                PubGetCurrentDatetime
                0x00065d88                PubSetPosDateTime
                0x00065ef4                PubIsLeapYear
                0x00065f24                PubMonthDays
                0x00065f88                PubIsValidDate
                0x00065fee                PubGetOverTimer
                0x00065ff2                PubTimerIsOver
                0x00065ff8                PubGetToolsVer
                0x00066008                PubCloseFile
                0x00066026                PubReadRec
                0x00066082                PubGetINIItemStr
                0x000664ac                PubGetINIItemInt
                0x00066510                PubPosChar
                0x00066534                PubDelAllBit
                0x00066574                PubDelOneBit
                0x00066600                PubStrToIso
                0x000666c4                PubGetBit
                0x00066726                PubSetBit
                0x000667fc                PubIsoToStr
                0x00066888                PubSetDefine8583
                0x000668c4                PubImport8583
                0x00066930                PubSetFieldLengthCalc
                0x0006694c                PubCopyIso
                0x0006696a                PubBeep
                0x00066984                PubGetHardwareSuppot
                0x00066afc                PubGetPosInfo
                0x00066b2c                Lindebug
                0x00066b76                proAddPath
                0x00066b98                Pro_FsOpen
                0x00066bba                PubSaveVar
                0x00066c08                PubGetVar
                0x00066d3c                PubUpdateRecByHandle
                0x00066e14                PubGetRecSum
                0x00066e64                PubOpenFile
                0x00066e86                PubFindRec
                0x00066ffc                PubReadOneRec
                0x00067070                PubUpdateRec
                0x00067180                PubAddRec
                0x00067234                Pro_FsDel
                0x00067250                PubDelFile
                0x00067264                Pro_FsFileSize
                0x00067286                Pro_FsRename
                0x000672b6                Pro_FsExist
                0x000672d2                PubDeReclFile
                0x0006735c                PubCreatRecFile
                0x000674c0                Pro_FsTruncate
                0x000674e2                PubDelRec
                0x000676d4                Pro_ScrGetViewPort
 .text          0x000676e8      0x650 E:/Debug-Matrix/branches/ME30国内PCI认证/ME30_Matrix/Mpos_Demo_20141017_ADDV2/Mpos_Demo/libs/lpub.a(lui.o)
                0x000676e8                PubGetUIVer
                0x000676f8                PubGetPosType
                0x0006777c                PubGetPosTypeStr
                0x000677a0                PubSetUiStyle
                0x000677c4                PubClearAll
                0x000677d4                PubClear2To4
                0x000677e4                PubClearLine
                0x000677f4                PubClearLines
                0x00067804                PubKbHit
                0x00067814                PubGetKeyCode
                0x00067824                PubDisplayStr
                0x00067870                PubDisplayStrs
                0x000678c0                PubDisplayGen
                0x000678d4                PubDisplayInv
                0x000678e8                PubDisplayTitle
                0x000678f8                PubDisplayTail
                0x00067944                PubDispMultLines
                0x00067990                PubDispStrFormat
                0x000679d4                PubGetStrFormat
                0x00067a18                PubDisplayLogo
                0x00067a2c                PubDisplayStrInline
                0x00067a70                PubDisplayStrInlines
                0x00067abc                PubInputxy
                0x00067ae0                PubInputDlg
                0x00067b04                PubMsgDlg
                0x00067b18                PubInitUiParam
                0x00067c20                PubConfirmDlg
                0x00067c34                PubInputDate
                0x00067c4c                PubInputAmount
                0x00067c68                PubInputCNMode
                0x00067c8c                PubOpenEasyMenu
                0x00067ca0                PubSelectListItem
                0x00067cb8                PubDispPicList
                0x00067cd0                PubInputIp
                0x00067ce4                PubUpDownMsgDlg
                0x00067cfc                PubUpDownConfirmDlg
                0x00067d10                PubUpdateWindow
                0x00067d24                PubDispErr
 .text          0x00067d38        0xe E:/Debug-Matrix/branches/ME30国内PCI认证/ME30_Matrix/Mpos_Demo_20141017_ADDV2/Mpos_Demo/libs/lpub.a(tooldebug.o)
                0x00067d38                PubExportDebugFile
                0x00067d3a                PubDebugData
                0x00067d3c                PubDebug
                0x00067d42                PubGetDebugMode
 *fill*         0x00067d46        0x2 00
 .text          0x00067d48      0xc3c E:/Debug-Matrix/branches/ME30国内PCI认证/ME30_Matrix/Mpos_Demo_20141017_ADDV2/Mpos_Demo/libs/lpub.a(ldisp.o)
                0x00068208                BsClearAll
                0x00068228                BsClear2To4
                0x0006826c                BsClearLine
                0x000682b8                BsClearLines
                0x00068304                BsDisplayStr
                0x0006831e                BsDisplayStrs
                0x0006832e                BsDisplayStrInline
                0x00068348                BsDisplayStrInlines
                0x0006835a                BsDisplayGen
                0x000683ec                BsDisplayInv
                0x00068474                BsDisplayTitle
                0x000684ac                BsDisplayTail
                0x000685bc                BsDispMultLines
                0x00068664                BsDispStrFormat
                0x000687a0                BsGetStrFormat
                0x0006886c                BsDisplayLogo
                0x00068884                BsKbHit
                0x00068898                BsGetKeyCode
                0x00068924                BsDispErr
 .text          0x00068984      0xff0 E:/Debug-Matrix/branches/ME30国内PCI认证/ME30_Matrix/Mpos_Demo_20141017_ADDV2/Mpos_Demo/libs/lpub.a(linput.o)
                0x00068a60                BsInputxy
                0x00069188                BsInputDlg
                0x00069194                BsMsgDlg
                0x000691a8                BsConfirmDlg
                0x000691bc                BsInputDate
                0x00069318                BsInputAmount
                0x0006939c                BsInputCNMode
                0x000693e0                BsUpDownMsgDlg
                0x000696f2                BsUpDownConfirmDlg
                0x00069970                BsUpdateWindow
 .text          0x00069974      0xb74 E:/Debug-Matrix/branches/ME30国内PCI认证/ME30_Matrix/Mpos_Demo_20141017_ADDV2/Mpos_Demo/libs/lpub.a(lmenu.o)
                0x00069b06                BsDisplayTitleWithStyle
                0x00069b94                BsOpenMenu
                0x00069e66                BsOpenEasyMenu
                0x00069e72                BsSelectListItemExtend
                0x0006a290                BsSelectListItem
                0x0006a2a6                BsDispSelectMenu
                0x0006a470                BsDispPicList
 .text          0x0006a4e8       0xec E:/Debug-Matrix/branches/ME30国内PCI认证/ME30_Matrix/Mpos_Demo_20141017_ADDV2/Mpos_Demo/libs/lpub.a(uitool.o)
                0x0006a4e8                BsPrintTitle
                0x0006a56c                BsDispBigASC
                0x0006a5a4                BsDispBigAscStr
 .text          0x0006a5d4       0xd4 E:/Debug-Matrix/branches/ME30国内PCI认证/ME30_Matrix/Mpos_Demo_20141017_ADDV2/Mpos_Demo/libs/lpub.a(errorcode.o)
                0x0006a5d4                PubGetErrorCode
                0x0006a5f8                PubSetErrorCode
                0x0006a638                PubSetErrorInfo
 .text          0x0006a6a8     0x12fc E:/Debug-Matrix/branches/ME30国内PCI认证/ME30_Matrix/Mpos_Demo_20141017_ADDV2/Mpos_Demo/libs/libcup.a(main.o)
                0x0006aae4                Union_main
 .text          0x0006b9a4      0x5e0 E:/Debug-Matrix/branches/ME30国内PCI认证/ME30_Matrix/Mpos_Demo_20141017_ADDV2/Mpos_Demo/libs/libcup.a(manage.o)
                0x0006b9a4                ChkPinpad
                0x0006ba00                ChkRF
                0x0006ba88                Manage
 .text          0x0006bf84     0x2328 E:/Debug-Matrix/branches/ME30国内PCI认证/ME30_Matrix/Mpos_Demo_20141017_ADDV2/Mpos_Demo/libs/libcup.a(managetxn.o)
                0x0006bf84                DealSystem
                0x0006c040                ChkLoginStatus
                0x0006c064                ChkTransOnOffStatus
                0x0006c08c                ChkOperRole
                0x0006c0bc                ChkRespMsgID
                0x0006c100                ChkRespon
                0x0006c5e4                Login
                0x0006cae8                CashierLogin
                0x0006cf0c                LogOut
                0x0006d128                StatusSend
                0x0006d304                ParamTransfer
                0x0006d4e0                TransferOver
                0x0006d670                PosEcho
                0x0006d854                PosStatusSend
                0x0006dadc                PosParamTransfer
                0x0006dde8                BlackListDown
                0x0006dfc4                PosBlackListDown
                0x0006e0d0                DealSysReq
                0x0006e1b6                ChkPosLimit
                0x0006e1fc                DealPosLimit
                0x0006e26c                DealOfflineSend
 .text          0x0006e2ac      0xddc E:/Debug-Matrix/branches/ME30国内PCI认证/ME30_Matrix/Mpos_Demo_20141017_ADDV2/Mpos_Demo/libs/libcup.a(oper.o)
                0x0006e3a4                InitOper
                0x0006e4bc                AddOper
                0x0006e6bc                DelOper
                0x0006e820                QueryOper
                0x0006e8c8                ChgOperPwd
                0x0006ea5c                OperLogon
                0x0006eb38                OperLogout
                0x0006eb3c                CheckOper
                0x0006ebf8                PosLockUnLock
                0x0006ed08                SetManagerOper
                0x0006eed4                GetCurrentOper
                0x0006ef00                SetCurrentOper
                0x0006ef28                SetOperLimit
                0x0006ef4c                Operate
                0x0006efcc                SetMagPwdFromIni
 .text          0x0006f088      0x6ac E:/Debug-Matrix/branches/ME30国内PCI认证/ME30_Matrix/Mpos_Demo_20141017_ADDV2/Mpos_Demo/libs/libcup.a(packet.o)
                0x0006f088                InitISO8583
                0x0006f0b0                CheckMac
                0x0006f0f2                AddMac
                0x0006f120                TrackEncrypt
                0x0006f1d0                ClrPack
                0x0006f1dc                SetField
                0x0006f278                GetField
                0x0006f2b8                Pack
                0x0006f2c4                Unpack
                0x0006f31c                DispResp
                0x0006f384                DispResp_Succ
                0x0006f3ec                ChkRespAvailable
                0x0006f3f0                ChkRespIsSucc
                0x0006f478                DealPackAndComm
 .text          0x0006f734     0x3eb8 E:/Debug-Matrix/branches/ME30国内PCI认证/ME30_Matrix/Mpos_Demo_20141017_ADDV2/Mpos_Demo/libs/libcup.a(param.o)
                0x0006f734                IsFirstRun
                0x0006f798                SetParamFromIni
                0x0007014c                ExportPosParam
                0x00070404                SetVarPosMerType
                0x00070424                SetVarCommHead
                0x000704bc                GetVarIsLogin
                0x000704d0                SetVarIsLogin
                0x000704f0                GetVarIsLock
                0x00070504                SetVarIsLock
                0x00070520                GetVarTraceNo
                0x00070534                SetVarTraceNo
                0x00070558                IncVarTraceNo
                0x00070570                GetVarBatchNo
                0x00070584                SetVarBatchNo
                0x000705a8                IncVarBatchNo
                0x000705c0                SetVarInvoiceNo
                0x000705e4                IncVarInvoiceNo
                0x000705fc                GetVarDialSuccSum
                0x0007060c                SetVarDialSuccSum
                0x00070628                GetVarDialSum
                0x00070638                SetVarDialSum
                0x00070654                GetVarTimeCounter
                0x00070664                SetVarTimeCounter
                0x00070680                GetVarLastLoginDateTime
                0x00070694                SetVarLastLoginDateTime
                0x000706b8                GetVarIsReversal
                0x000706cc                SetVarIsReversal
                0x000706ec                GetVarHaveReversalNum
                0x000706fc                SetVarHaveReversalNum
                0x0007071c                GetVarReversalData
                0x0007073c                SetVarReversalData
                0x00070784                GetVarTerminalId
                0x00070794                GetVarMerchantId
                0x000707b4                GetVarMerchantNameCn
                0x000707cc                SetVarMerchantNameCn
                0x00070828                GetVarAppType
                0x00070834                SetVarAppType
                0x00070870                GetVarAppVer
                0x0007087c                GetVarPosState
                0x00070890                GetVarBusinessBankId
                0x0007089c                GetVarLocalcode
                0x000708a8                GetVarPinpadTimeOut
                0x000708f4                GetVarMainKeyNo
                0x00070918                SetVarMainKeyNo
                0x00070970                GetVarEncyptMode
                0x00070984                GetVarIsEncryptTrack
                0x00070998                SetVarIsEncryptTrack
                0x000709d4                GetVarIsSmallGeneAuth
                0x000709e8                SetVarIsSmallGeneAuth
                0x00070a24                GetVarIsAutoLogOut
                0x00070a38                SetVarIsAutoLogOut
                0x00070a74                GetVarIsDispEMV_TVRTSI
                0x00070a88                GetVarIsShieldPan
                0x00070aac                GetVarIsPrintWaterRec
                0x00070ac0                GetVarIsPrintFailWaterRec
                0x00070ad4                GetVarIsTickeWithEn
                0x00070ae8                GetVarIsPrintErrReport
                0x00070afc                GetVarPrintPageCount
                0x00070b14                GetVarMaxTransCount
                0x00070b60                GetVarMaxRefundAmount
                0x00070b78                SetVarTransSwitch
                0x00070bb4                GetVarTipRate
                0x00070bc0                SetVarTipRate
                0x00070bfc                GetVarIsTipFlag
                0x00070c10                SetVarIsTipFlag
                0x00070c4c                GetVarIsIcFlag
                0x00070c60                GetVarIsIcConfirmFlag
                0x00070c74                GetVarIsCardInput
                0x00070c88                SetVarIsCardInput
                0x00070cc4                GetVarIsSaleVoidStrip
                0x00070cd8                GetVarIsAuthSaleVoidStrip
                0x00070cec                GetVarIsVoidPin
                0x00070d00                GetVarIsAuthSalePin
                0x00070d14                GetVarDefaultTransType
                0x00070d30                GetVarAuthSaleMode
                0x00070d40                GetVarEmvTransSerial
                0x00070d7c                SetVarEmvTransSerial
                0x00070dac                IncVarEmvTransSerial
                0x00070dd0                SaveEmvTransSerial
                0x00070de4                GetVarEmvOfflineUpNum
                0x00070df4                SetVarEmvOfflineUpNum
                0x00070e14                GetVarEmvOnlineUpNum
                0x00070e24                SetVarEmvOnlineUpNum
                0x00070e44                SetVarEMVOfflineFailHaltFlag
                0x00070e64                GetVarEMVOfflineFailHaltFlag
                0x00070e74                SetVarEMVOnlineARPCErrHaltFlag
                0x00070e94                GetVarEMVOnlineARPCErrHaltFlag
                0x00070ea4                GetVarEmvIsDownCAPKFlag
                0x00070eb8                SetVarEmvIsDownCAPKFlag
                0x00070ed8                GetVarEmvIsDownAIDFlag
                0x00070eec                SetVarEmvIsDownAIDFlag
                0x00070f0c                GetVarEmvIsScriptInform
                0x00070f20                SetVarEmvIsScriptInform
                0x00070f40                GetVarEmvScriptData
                0x00070f60                SetVarEmvScriptData
                0x00070f9c                SetFunctionMainKeyNo
                0x00071050                SetFunctionMaxRefundAmount
                0x000710cc                SetFunctionAuthsaleMode
                0x0007116c                SetFunctionPrintPageCount
                0x0007121c                SetFunctionMaxTransCount
                0x000712dc                SetFunctionMerchantName
                0x00071390                SetFunctionPOSYear
                0x00071438                SetFunctionTraceNo
                0x000714a0                SetFunctionBatchNo
                0x00071508                SetFunctionBusinessBankId
                0x0007158c                SetFunctionLocalCode
                0x00071610                SetFunctionTransSwitch
                0x000716d4                SetFunctionNewTransSwitch
                0x00071794                SetControlChkPinpad
                0x000717a0                SetControlChkInside
                0x000717ac                SetControlChkRF
                0x000717b8                GetControlChkPinpad
                0x000717cc                GetControlChkInside
                0x000717e0                GetControlChkRF
                0x000717f4                SetFunctionIsIcFlag
                0x0007186c                SetFunctionIsCardInput
                0x000718e4                SetFunctionDefaultTransType
                0x0007195c                SetFunctionIsNewTicket
                0x000719e0                SetFunctionIsAuthSalePin
                0x00071a58                SetFunctionIsVoidPin
                0x00071ad0                SetFunctionIsSaleVoidStrip
                0x00071b48                SetFunctionIsAuthSaleVoidStrip
                0x00071bc0                SetFunctionDesMode
                0x00071c44                SetFunctonIsTickeWithEn
                0x00071cc8                SetFunctionIsPrintWaterRec
                0x00071d40                SetFunctionIsPrintFailWaterRec
                0x00071db8                SetFunctionTipRate
                0x00071e50                SetFunctionIsTipFlag
                0x00071ee8                SetFunctionAutoLogout
                0x00071f60                SetFunctionIsDispEMV_TVRTSI
                0x00071fd8                SetFunctionIsShieldPan
                0x00072060                SetFunctionIsEncryptTrack
                0x000720e8                SetFunctionIsSmallGeneAuth
                0x00072160                ChkSecurityPwd
                0x000721c4                SetFunctionTerminalId
                0x000722b0                SetFunctionMerchantId
                0x000723b0                SetVarSecurityPwd
                0x000723f4                ChangeSecurityPwd
                0x00072524                SetVarWaterSum
                0x00072544                SetVarHaveReSendNum
                0x00072564                IncVarOfflineUnSendNum
                0x00072590                DelVarOfflineUnSendNum
                0x000725c0                GetVarOfflineUnSendNum
                0x000725d8                SetVarOfflineUnSendNum
                0x000725f0                SetVarPrintSettleHalt
                0x00072610                GetVarPrintSettleHalt
                0x00072624                SetVarPrintDetialHalt
                0x00072644                GetVarPrintDetialHalt
                0x00072658                SetVarPrintWaterHaltFlag
                0x00072678                SetVarClrSettleDataFlag
                0x00072698                GetVarClrSettleDataFlag
                0x000726ac                SetVarCnCardFlag
                0x000726cc                GetVarCnCardFlag
                0x000726e4                SetVarEnCardFlag
                0x00072704                GetVarEnCardFlag
                0x0007271c                SetVarBatchHaltFlag
                0x0007273c                GetVarBatchHaltFlag
                0x00072750                SetVarFinanceHaltFlag
                0x00072770                GetVarFinanceHaltFlag
                0x00072780                SetVarMessageHaltFlag
                0x000727a0                GetVarMessageHaltFlag
                0x000727b0                SetVarBatchMagOfflineHaltFlag
                0x000727d0                GetVarBatchMagOfflineHaltFlag
                0x000727e0                SetVarIcPurchaseHaltFlag
                0x00072800                GetVarIcPurchaseHaltFlag
                0x00072810                SetVarIcLoadHaltFlag
                0x00072830                GetVarIcLoadHaltFlag
                0x00072840                SetVarBatchSum
                0x00072860                GetVarBatchSum
                0x00072870                GetVarSettleDateTime
                0x00072884                SetVarSettleDateTime
                0x000728ac                SetVarSettleData
                0x000728ec                GetVarSettleData
                0x0007290e                SaveSettleDataItem
                0x00072916                GetNewTransSwitchOnoff
                0x00072998                GetTransSwitchOnoff
                0x00072a64                GetAppPosParam
                0x00072a78                SetAppPosParam
                0x00072aa0                SetVarMCEnterTimeAndRandom
                0x00072adc                GetVarMCEnterTimeAndRandom
                0x00072af4                SetVarLastOperInfo
                0x00072b34                GetVarLastOperInfo
                0x00072b50                GetVarIsSupportRF
                0x00072b64                SetFunctionIsSupportRF
                0x00072c04                GetVarIsPhoneSale
                0x00072c24                GetVarPinEncyptMode
                0x00072c48                SetVarIsPhoneSale
                0x00072c60                GetVarCertNo
                0x00072dd4                GetVarSoftVer
                0x00072de4                GetVarMaxSendNum
                0x00072e28                SetFunctionMaxSendNum
                0x00072ee8                SetFunctionPrintName
                0x00072f94                GetVarPrintName
                0x00072fac                GetAcqName
                0x00073008                GetShowName
                0x0007301c                SetFunctionReprintSettle
                0x00073094                GetVarReprintSettle
                0x000730a8                SetVarHaveScriptAdviseNum
                0x000730c0                InitUpdateVar
                0x000730d0                VerUpdateChk
                0x00073140                InitPosDefaultParam
                0x00073594                GetVarHaveScriptAdviseNum
                0x000735a4                SetUnionParam
                0x000735cc                GetUnionParam
 .text          0x000735ec     0x282c E:/Debug-Matrix/branches/ME30国内PCI认证/ME30_Matrix/Mpos_Demo_20141017_ADDV2/Mpos_Demo/libs/libcup.a(print.o)
                0x00074bf8                GetPrinter
                0x00074bfc                PrintWater
                0x00074c64                PrintAllWater
                0x00074cb8                PrintSettle
                0x00074cd0                PrintTotal
                0x00074ce4                PrintFailWater
                0x00074d20                PrintParam
                0x00074d34                Reprint
                0x00074eb0                PrintLogo
                0x00074ebc                GetBankName
 .text          0x00075e18     0x21f0 E:/Debug-Matrix/branches/ME30国内PCI认证/ME30_Matrix/Mpos_Demo_20141017_ADDV2/Mpos_Demo/libs/libcup.a(settle.o)
                0x00075fec                GetSettleDataNK
                0x00076000                GetSettleDataWK
                0x00076014                DealSettle
                0x0007649c                DispTotal
                0x00076564                FindSettle
                0x000765f0                ClearSettle
                0x000766bc                ChangeSettle
                0x000767b8                ChgSettleForAdjust
                0x00076834                CheckTransAmount
                0x000769fc                InitSettleData
                0x00076a0c                DealBatchUpFail
                0x00076a88                Settle
                0x00077f3c                DealSettleTask
                0x00077fa4                DoSettle
 .text          0x00078008      0x36c E:/Debug-Matrix/branches/ME30国内PCI认证/ME30_Matrix/Mpos_Demo_20141017_ADDV2/Mpos_Demo/libs/libcup.a(tool.o)
                0x00078008                AtoLL
                0x0007806c                AscBigCmpAsc
                0x000780be                ProAmtToDispOrPnt
                0x000781c8                ProDataToDispOrPnt
                0x00078240                ProSelectYesOrNo
                0x000782a8                ProMoveCursor
                0x000782dc                ProChkDigitStr
                0x000782fe                ProConfirm
                0x00078318                _bcd_2_uint64
 .text          0x00078374      0xe5c E:/Debug-Matrix/branches/ME30国内PCI认证/ME30_Matrix/Mpos_Demo_20141017_ADDV2/Mpos_Demo/libs/libcup.a(water.o)
                0x00078374                InitWaterFile
                0x000783d0                AppendWater
                0x00078414                UpdateWater
                0x00078428                FindWaterWithInvno
                0x00078454                FetchCurrentWater
                0x00078468                FetchFirstWater
                0x00078478                FetchNextWater
                0x000784a4                FetchPreviousWater
                0x000784b8                FetchLastWater
                0x000784d8                DispWater
                0x00078874                FindByInvoice
                0x00078974                DispVoidWater
                0x00078a44                WaterToSys
                0x00078c68                SysToWater
                0x00078ede                GetWaterNum
                0x00078eec                WaterOneByOne
                0x00078f9c                GetWaterOper
                0x00078fca                IsOperHasWater
                0x00079060                GetUnSendNum
                0x00079144                GetFailSendNum
 .text          0x000791d0      0x164 E:/Debug-Matrix/branches/ME30国内PCI认证/ME30_Matrix/Mpos_Demo_20141017_ADDV2/Mpos_Demo/libs/libcup.a(blacklist.o)
                0x000791d0                InitBlkFile
                0x0007921c                GetBlkNum
                0x00079230                CheckIsNotInBlk
                0x000792ac                SaveBlkList
 .text          0x00079334      0xa78 E:/Debug-Matrix/branches/ME30国内PCI认证/ME30_Matrix/Mpos_Demo_20141017_ADDV2/Mpos_Demo/libs/libcup.a(card.o)
                0x0007938c                GetPan
                0x000793b8                GetTrack
                0x00079400                DispPan
                0x00079434                ChkIsICC
                0x00079490                EnableDispDefault
                0x00079580                CardTask_Amt
                0x00079bfc                GetServiceCode24FromTk2
                0x00079c2e                CtrlCardPan
                0x00079cac                GetStripeType
 .text          0x00079dac      0x770 E:/Debug-Matrix/branches/ME30国内PCI认证/ME30_Matrix/Mpos_Demo_20141017_ADDV2/Mpos_Demo/libs/libcup.a(comm.o)
                0x00079dac                SetControlCommInit
                0x00079db8                InitCommParam
                0x00079e40                ExportCommParam
                0x00079e80                CommInit
                0x00079eac                CommPreDial
                0x00079eb0                CommConnect
                0x00079ecc                CommSend
                0x0007a054                CommRecv
                0x0007a1bc                CommSendRecv
                0x0007a1f8                CommHangUpSocket
                0x0007a1fc                CommHangUp
                0x0007a200                CommDump
                0x0007a204                SetFuncCommReSendNum
                0x0007a2a4                GetVarCommTimeOut
                0x0007a2c8                SetVarCommTimeOut
                0x0007a314                GetVarCommReSendNum
                0x0007a324                SetVarCommReSendNum
                0x0007a378                GetVarCommReDialNum
                0x0007a388                SetVarCommReDialNum
                0x0007a3dc                GetAppCommParam
                0x0007a3f8                SetAppCommParam
                0x0007a444                CommPortRead
                0x0007a46c                CommPortWrite
                0x0007a482                SetFuncCommTimeOut
 .text          0x0007a51c       0x52 E:/Debug-Matrix/branches/ME30国内PCI认证/ME30_Matrix/Mpos_Demo_20141017_ADDV2/Mpos_Demo/libs/libcup.a(debug.o)
                0x0007a51c                SetDebugData
                0x0007a51e                Debug
                0x0007a522                Trace
                0x0007a528                TraceHex
                0x0007a52e                Scrdebug
 *fill*         0x0007a56e        0x2 00
 .text          0x0007a570      0xd48 E:/Debug-Matrix/branches/ME30国内PCI认证/ME30_Matrix/Mpos_Demo_20141017_ADDV2/Mpos_Demo/libs/libcup.a(emv_acq.o)
                0x0007a570                EMV_PackField55
                0x0007a674                EMV_ClearWater
                0x0007a70c                EMV_LoadWaterByTrace
                0x0007a760                EMV_LoadWaterByRecNo
                0x0007a78c                EMV_GetWaterRecNum
                0x0007a7b8                EMV_SaveWater
                0x0007aa78                EMV_PeekTypeByAid
                0x0007ab08                EMV_SetCAPK
                0x0007ad30                EMV_SetAID
                0x0007b1e0                EMV_SetBLK
                0x0007b1e4                EMV_PackScripF55
 .text          0x0007b2b8     0x10e8 E:/Debug-Matrix/branches/ME30国内PCI认证/ME30_Matrix/Mpos_Demo_20141017_ADDV2/Mpos_Demo/libs/libcup.a(emv_interface.o)
                0x0007b320                _bcd_2_asc
                0x0007b960                Set_Rf_Port
                0x0007b96c                SetCardHandle
                0x0007b984                ExportEMVModule
                0x0007ba14                ChkAndDownEMVParam
                0x0007ba46                CallbackCAPK
                0x0007ba54                DelAIDParam
                0x0007ba62                InitEMVParam
                0x0007bcb4                EMV_SetTxnPan
                0x0007bce0                EMV_SetTxnType
                0x0007bcec                EMV_GetAmount
                0x0007bd04                EMV_DispTitle
                0x0007bdfc                EMV_ClrOnlinePin
                0x0007be0c                EMV_GetOnlinePin
                0x0007be20                EMV_SetAmount
                0x0007be50                _get_transamt
                0x0007bf78                DispOutICC
                0x0007c03c                EMV_ErrMsg
                0x0007c160                EMV_OrgSheet
                0x0007c228                EMV_SetMerchantName
                0x0007c294                EMV_SetTerminalId
                0x0007c2ec                ICC_RF_Beep
                0x0007c2f8                SetnIsSelectEcOrEmv
                0x0007c304                SetnIsDefaultEC
                0x0007c310                SaveData_9F26_RQ
                0x0007c334                GetData_9F26_RQ
                0x0007c34c                CheckIsOnlyEC
                0x0007c390                ResetInputAmtInterface
 .text          0x0007c3a0     0x151c E:/Debug-Matrix/branches/ME30国内PCI认证/ME30_Matrix/Mpos_Demo_20141017_ADDV2/Mpos_Demo/libs/libcup.a(emv_mana.o)
                0x0007c3a0                EMV_ParamTransfer
                0x0007c6e8                EMV_DetailSendOnline
                0x0007cab4                EMV_PackSaleOffline
                0x0007cd0c                EMV_DetailSendOffline
                0x0007ce4c                EMV_BatchUpOfflineSucc
                0x0007d004                EMV_BatchUpOnlineSucc
                0x0007d1fc                EMV_BatchUpOfflineFail
                0x0007d438                EMV_BatchUpOnlineSuccARPCErr
                0x0007d614                EMV_DispWaterOneByOne
 .text          0x0007d8bc     0x7a48 E:/Debug-Matrix/branches/ME30国内PCI认证/ME30_Matrix/Mpos_Demo_20141017_ADDV2/Mpos_Demo/libs/libcup.a(emv_txn.o)
                0x0007ee3c                EMV_DoScriptAdvise
                0x0007f3d0                EMV_ReadICC
                0x0007fa8c                EMV_BonusSale
                0x0007ff6c                EMV_Installment
                0x000804d0                EMV_Balance
                0x00080af8                EMV_PreAuth
                0x00081120                EMV_Sale
                0x00081790                EMV_Sale_Amt
                0x0008180c                qPBOC_Sale
                0x00081fb0                qPBOC_Balance
                0x000821a8                qPboc_Refund
                0x00082640                EMV_RF_Load
                0x00082b64                EMV_EC_Load
                0x000830a0                EMV_EC_Void_Load_Cash
                0x00083828                EMV_RF_Void_Load_Cash
                0x00083fb0                EMV_Txn_Load
                0x0008415c                EMV_Txn_Void_Cash_Load
                0x00084324                EMV_Txn_Sale
                0x000844b0                EMV_Txn_PreAuth
                0x00084570                EMV_Txn_Balance
                0x00084620                EMV_Txn_Installment
                0x00084724                EMV_Txn_BonusSale
                0x000847d4                ParsePbocLog
                0x00084924                EMV_DispTxnTrace
                0x00084cec                EMV_GetEcLoadLog
                0x00084fd4                EMV_DispEcLoadLog
 .text          0x00085304      0x1d4 E:/Debug-Matrix/branches/ME30国内PCI认证/ME30_Matrix/Mpos_Demo_20141017_ADDV2/Mpos_Demo/libs/libcup.a(inout.o)
                0x00085304                GetPin
                0x000853ac                GetAuthorCode
                0x00085454                GetInterOrg
 .text          0x000854d8     0xf55c E:/Debug-Matrix/branches/ME30国内PCI认证/ME30_Matrix/Mpos_Demo_20141017_ADDV2/Mpos_Demo/libs/libcup.a(magtxn.o)
                0x000854d8                SystemToReveral
                0x000855f4                ReveralToSystem
                0x00085ef8                DoOffline
                0x000862b8                DoAdjust
                0x00086910                PackOffline
                0x00086bf0                PackAdjust
                0x00086f48                SendOffline
                0x00087340                DoAdviseAndReveral
                0x00087356                InputCard
                0x00087468                AddEMVInfo
                0x00087528                VoidInstallmentSale
                0x00087d20                MagInstallmentSale
                0x000884c0                PackAuthSaleOff
                0x00088918                MagAuthSaleOff
                0x00088d2c                PackRefund
                0x0008923c                MagRefund
                0x00089634                MagBalance
                0x00089d20                VoidAuthSale
                0x0008a5cc                MagAuthSale
                0x0008ae00                VoidPreAuth
                0x0008b614                MagPreAuth
                0x0008bd48                VoidSale
                0x0008c528                VoidBonusSale
                0x0008cd78                MagAppointSale
                0x0008d3f0                VoidAppointmentSale
                0x0008dab0                MagCashLoadValidation
                0x0008df68                MagCashLoadConfirm
                0x0008e368                MagCashLoad
                0x0008ebdc                MagAccountLoad
                0x0008f418                PhoneCardSale
                0x0008f9dc                VoidPhoneCardSale
                0x0009016c                MagOrderSale
                0x000908e8                VoidOrderSale
                0x00090e98                MagOrderPreAuth
                0x000915b0                VoidOrderPreAuth
                0x00091ba4                MagOrderAuthSale
                0x000923e8                VoidOrderAuthSale
                0x00092a14                MagOrderAuthSaleOff
                0x00092e78                MagOrderCMV
                0x000934d8                Void_PartialSale
                0x00093adc                MagBonusSale
                0x00094384                MagSale
 .text          0x00094a34      0x50c E:/Debug-Matrix/branches/ME30国内PCI认证/ME30_Matrix/Mpos_Demo_20141017_ADDV2/Mpos_Demo/libs/libcup.a(upcard.o)
                0x00094a34                UpCard_Deal
 .text          0x00094f40        0x8 E:/Debug-Matrix/branches/ME30国内PCI认证/ME30_Matrix/Mpos_Demo_20141017_ADDV2/Mpos_Demo/libs/libc_Cortex-M4_nofpu.a(atol.o)
                0x00094f40                atol
 .text          0x00094f48       0x1a E:/Debug-Matrix/branches/ME30国内PCI认证/ME30_Matrix/Mpos_Demo_20141017_ADDV2/Mpos_Demo/libs/libc_Cortex-M4_nofpu.a(strcat.o)
                0x00094f48                strcat
 .text          0x00094f62       0x2a E:/Debug-Matrix/branches/ME30国内PCI认证/ME30_Matrix/Mpos_Demo_20141017_ADDV2/Mpos_Demo/libs/libc_Cortex-M4_nofpu.a(strncpy.o)
                0x00094f62                strncpy
 .text          0x00094f8c     0x179c E:/Debug-Matrix/branches/ME30国内PCI认证/ME30_Matrix/Mpos_Demo_20141017_ADDV2/Mpos_Demo/libs/libemvNDK_POSME31.a(emvcore.o)
                0x00095158                EMVL2_GetICSOptions
                0x0009516c                EMVL2_GetCurProcessSeq
                0x00095178                EMVL2_GetCurRFProcessSeq
                0x00095188                EMVL2_IsRfPreprocessed
                0x00095198                EMVL2_GetEmvOper
                0x000951ac                EMVL2_SetEmvOper
                0x000951cc                EMVL2_GetEmvConfig
                0x000951e8                EMVL2_SetEmvConfig
                0x0009522c                EMVL2_GetEmvConfigBk
                0x00095248                EMV_run_to_finalsel
                0x00095258                EMVL2_CompareDate
                0x000952ea                Bcd2Uint
                0x00095320                EMVL2_BcdStrOper
                0x0009543c                EMVL2_SetTransAmt
                0x0009555c                EMVL2_CalcTCHashVal
                0x00095600                EMVL2_SetAppCfg2EmvCfg
                0x00095a60                EMVL2_ICCPowerUp
                0x00095af4                EMVL2_ICCRw
                0x00095b98                EMVL2_ClrStatus
                0x00095b9c                EMV_Initialize
                0x00095bd0                EMVL2_Initialize
                0x00095c14                EMV_buildAidList
                0x00095c26                ChkIsLoadTrans
                0x00095c40                EMV_Start
                0x00095dec                EMV_Suspend
                0x00095e3c                EMVL2_TranslateUllTo12Asc
                0x00095fc0                EMV_rf_start
                0x000962d0                EMV_rf_suspend
                0x0009631c                EMV_GetPBOCLog
                0x0009635c                EMV_GetecloadLog
                0x0009639c                EMV_getVersion
                0x000963a4                EMV_ErrorCode
                0x000963b0                EMVL2_SetErrorCode
                0x000963bc                EMV_FetchData
                0x0009646c                EMV_getdata
                0x00096494                EMV_setdata
                0x000964e0                EMV_parse_tlv
                0x000964e4                EMV_fetch_tlv
                0x000964e8                EMVL2_GetBalanceFromICC
                0x000965b0                EMVL2_TurnAppType2EMVCfg
                0x000965cc                EMVL2_GetEMVStatus
                0x000965d8                EMVL2_SetEMVStatus
                0x000965e4                EMVL2_GetPbocLog
                0x000965f0                EMVL2_SetPbocLog
                0x000965fc                EMVL2_GetECLoadLog
                0x00096608                EMVL2_SetECLoadLog
                0x00096614                EMVL2_GetEmvCode
                0x00096620                EMVL2_SetEmvCode
                0x0009662c                EMVL2_GetRfData
                0x0009666c                EMVL2_SetRfData
                0x000966d4                EMVL2_GetRunToFinalSel
                0x000966e0                EMVL2_GetFinishFinalSel
                0x000966ec                EMVL2_SetFinishFinalSel
                0x000966f8                EMVL2_SetAppType
                0x00096704                EMVL2_GetAppType
                0x00096710                EMVL2_GetTransBranch
 .text          0x00096728      0x234 E:/Debug-Matrix/branches/ME30国内PCI认证/ME30_Matrix/Mpos_Demo_20141017_ADDV2/Mpos_Demo/libs/libemvNDK_POSME31.a(emvdol.o)
                0x00096728                EMVL2_ChkTagIsInDOL
                0x0009679c                EMVL2_Set9CTransType
                0x000967ac                EMVL2_Get9CTransType
                0x000967d4                EMVL2_PacketDOL
                0x00096944                EMVL2_Set9CFlag
                0x00096950                EMVL2_Get9CFlag
 .text          0x0009695c     0x1c74 E:/Debug-Matrix/branches/ME30国内PCI认证/ME30_Matrix/Mpos_Demo_20141017_ADDV2/Mpos_Demo/libs/libemvNDK_POSME31.a(emvfile.o)
                0x00097584                EMVL2_GetEmvFile
                0x00097598                EMVL2_SetEmvFile
                0x000975ec                EMVL2_GetExponentLen
                0x00097630                EMVL2_CheckIsBlkCert
                0x00097760                EMVL2_CheckIsBlkCard
                0x000978b4                EMVL2_RetriveCAPK
                0x00097a6c                EMVL2_ReadTotalAmtFromLog
                0x00097aec                EMVL2_LoadAidListFromFile
                0x00097b80                EMVL2_ReadFinalAidParams
                0x00097c4c                EMVL2_SaveAmt2Log
                0x00097ce0                EMV_OperCAPK
                0x00097fd4                EMV_removeCAPKByRID
                0x000980e4                EMV_EnumCAPK
                0x000981bc                EMV_OperAID_Old
                0x000983ec                EMV_OperAID
                0x00098414                EMV_EnumAID_Old
                0x0009841a                EMV_EnumAID
                0x00098420                EMVL2_OperFileByAid
                0x00098480                EMVL2_DelAidByAppid
                0x000984dc                EMV_oper_certblk
                0x00098534                EMV_oper_cardblk
                0x00098584                EMVL2_ClrInvalidBlkCard
 .text          0x000985d0      0x40c E:/Debug-Matrix/branches/ME30国内PCI认证/ME30_Matrix/Mpos_Demo_20141017_ADDV2/Mpos_Demo/libs/libemvNDK_POSME31.a(emvicc.o)
                0x0009865c                EMVL2_ICCGetChallenge
                0x00098684                EMVL2_ICCExtAuth
                0x000986b0                EMVL2_ICCGenerateAC
                0x00098706                EMVL2_ICCGetData
                0x000987be                EMVL2_ICCGetProcessOptions
                0x000987f0                EMVL2_ICCInternalAuth
                0x00098820                EMVL2_ICCReadRecord
                0x00098856                EMVL2_ICCCommand
                0x000988a2                EMVL2_ICCVerify
                0x000988d6                EMVL2_ICCSelectAID
                0x00098910                EMV_ICC_GetDataByTagName
                0x00098986                EMV_ICC_getdata
 .text          0x000989dc      0x174 E:/Debug-Matrix/branches/ME30国内PCI认证/ME30_Matrix/Mpos_Demo_20141017_ADDV2/Mpos_Demo/libs/libemvNDK_POSME31.a(procrestrict.o)
                0x000989dc                EMVL2_IsATM
                0x00098a06                EMVL2_ProcessRestrictions
 .text          0x00098b50      0x698 E:/Debug-Matrix/branches/ME30国内PCI认证/ME30_Matrix/Mpos_Demo_20141017_ADDV2/Mpos_Demo/libs/libemvNDK_POSME31.a(readrec.o)
                0x00099180                EMVL2_ReadAppData
 .text          0x000991e8      0x8d8 E:/Debug-Matrix/branches/ME30国内PCI认证/ME30_Matrix/Mpos_Demo_20141017_ADDV2/Mpos_Demo/libs/libemvNDK_POSME31.a(rf.o)
                0x000991e8                EMVL2_RfPreprocess
                0x00099510                EMVL2_RfParseTrack2
                0x0009961c                EMVL2_RfDeactive
                0x00099678                EMVL2_RfMSD
                0x000996cc                EMVL2_RFqPBOC
                0x000999e8                EMV_get_clvip_cardNo
 .text          0x00099ac0      0x4c4 E:/Debug-Matrix/branches/ME30国内PCI认证/ME30_Matrix/Mpos_Demo_20141017_ADDV2/Mpos_Demo/libs/libemvNDK_POSME31.a(riskmana.o)
                0x00099bb8                EMVL2_ManageTermRisk
                0x00099f6c                EMVL2_SetNotChkBlkCard
                0x00099f78                EMVL2_GetNotChkBlkCard
 .text          0x00099f84     0x11a0 E:/Debug-Matrix/branches/ME30国内PCI认证/ME30_Matrix/Mpos_Demo_20141017_ADDV2/Mpos_Demo/libs/libemvNDK_POSME31.a(security.o)
                0x00099fae                EMVL2_RecoverRSA
                0x0009a4fc                EMVL2_ProcessSDA
                0x0009a674                EMVL2_ProcessDDA
                0x0009abf8                EMVL2_ProcessCDA
                0x0009ade4                EMVL2_EncryptPIN
                0x0009af50                EMVL2_OfflineAuth
 .text          0x0009b124      0xa74 E:/Debug-Matrix/branches/ME30国内PCI认证/ME30_Matrix/Mpos_Demo_20141017_ADDV2/Mpos_Demo/libs/libemvNDK_POSME31.a(taa.o)
                0x0009b16c                EMVL2_DealCIDInformation
                0x0009b1c8                EMVL2_ParseIDD
                0x0009b292                EMVL2_AnalyzeACResp
                0x0009b884                EMVL2_AnalyzeAction
 .text          0x0009bb98       0x6c E:/Debug-Matrix/branches/ME30国内PCI认证/ME30_Matrix/Mpos_Demo_20141017_ADDV2/Mpos_Demo/libs/libemvNDK_POSME31.a(tag.o)
                0x0009bb98                EMVL2_ConvertTransType
                0x0009bbb2                EMVL2_ChkInTagList
 .text          0x0009bc04      0x224 E:/Debug-Matrix/branches/ME30国内PCI认证/ME30_Matrix/Mpos_Demo_20141017_ADDV2/Mpos_Demo/libs/libemvNDK_POSME31.a(tlv.o)
                0x0009bd64                EMVL2_ParseTlvList
                0x0009bdc0                EMVL2_FetchTlv
                0x0009bdfc                EMVL2_FindDupTlv
 .text          0x0009be28      0x170 E:/Debug-Matrix/branches/ME30国内PCI认证/ME30_Matrix/Mpos_Demo_20141017_ADDV2/Mpos_Demo/libs/libemvNDK_POSME31.a(emvrsa.o)
                0x0009bed0                RSAPublicEncrypt
                0x0009bf4e                Old_RSAPublicDecrypt
 .text          0x0009bf98     0x11f8 E:/Debug-Matrix/branches/ME30国内PCI认证/ME30_Matrix/Mpos_Demo_20141017_ADDV2/Mpos_Demo/libs/libemvNDK_POSME31.a(hash.o)
                0x0009bf98                EMVL2_sha1_starts
                0x0009bfc4                EMVL2_sha1_process
                0x0009d09a                EMVL2_sha1_update
                0x0009d0a2                EMVL2_sha1_finish
                0x0009d164                NL_sha1
 .text          0x0009d190       0x12 E:/Debug-Matrix/branches/ME30国内PCI认证/ME30_Matrix/Mpos_Demo_20141017_ADDV2/Mpos_Demo/libs/libemvNDK_POSME31.a(debugFile.o)
                0x0009d190                EmvSetDebugData
                0x0009d192                EmvDebug
                0x0009d196                EmvTrace
                0x0009d19c                EmvTraceHex
 *fill*         0x0009d1a2        0x2 00
 .text          0x0009d1a4      0x568 E:/Debug-Matrix/branches/ME30国内PCI认证/ME30_Matrix/Mpos_Demo_20141017_ADDV2/Mpos_Demo/libs/libemvNDK_POSME31.a(platform.o)
                0x0009d1dc                NL_sprintf
                0x0009d1f4                NL_memcmp
                0x0009d1f8                NL_memcpy
                0x0009d1fc                NL_memset
                0x0009d200                NL_strcpy
                0x0009d204                NL_strlen
                0x0009d208                NL_open
                0x0009d21c                NL_read
                0x0009d220                NL_write
                0x0009d224                NL_seek
                0x0009d240                NL_truncate
                0x0009d244                NL_access
                0x0009d248                NL_delete
                0x0009d24c                NL_close
                0x0009d250                NL_rename
                0x0009d254                NL_icc_powerup
                0x0009d27c                NL_icc_powerdown
                0x0009d298                NL_getDS5002state
                0x0009d2a6                NL_icc_rw
                0x0009d2e2                NL_get_datetime
                0x0009d35a                NL_srand
                0x0009d35c                NL_rand_long
                0x0009d36c                NL_rand_vector
                0x0009d376                StartStopwatch
                0x0009d37a                ReadStopwatch
                0x0009d38c                NL_ReadCardMS
                0x0009d434                EMVAPI_LedOper
                0x0009d4be                initaux
                0x0009d5c4                portread
                0x0009d5de                portwrite
                0x0009d5f2                clrportbuf
                0x0009d60e                getprintertype
                0x0009d61e                print
                0x0009d62a                setprintfont
                0x0009d636                clrprintbuf
                0x0009d63a                getprinterstatus
                0x0009d662                setprintmode
                0x0009d6a0                settextattr
                0x0009d6b8                DispASC8x8
                0x0009d6ca                getkeycode
                0x0009d6dc                clrscr
                0x0009d6e0                DispString
                0x0009d6e6                DispASC8x8Str
                0x0009d6ec                NL_NoticeBeep
                0x0009d706                NL_MultiBeep
                0x0009d708                EMVAPI_Beep
 .text          0x0009d70c     0x17c0 E:/Debug-Matrix/branches/ME30国内PCI认证/ME30_Matrix/Mpos_Demo_20141017_ADDV2/Mpos_Demo/libs/libemvNDK_POSME31.a(appsel.o)
                0x0009e3e8                EMVL2_AppSelAndInit
                0x0009ea5c                EMVL2_RFAppSelAndInit
 .text          0x0009eecc      0x794 E:/Debug-Matrix/branches/ME30国内PCI认证/ME30_Matrix/Mpos_Demo_20141017_ADDV2/Mpos_Demo/libs/libemvNDK_POSME31.a(cardholder.o)
                0x0009eecc                EMVL2_DealWithOnlinePin
                0x0009efa0                EMVL2_VerifyCardHolder
 .text          0x0009f660      0x54c E:/Debug-Matrix/branches/ME30国内PCI认证/ME30_Matrix/Mpos_Demo_20141017_ADDV2/Mpos_Demo/libs/libemvNDK_POSME31.a(completion.o)
                0x0009f660                EMVL2_EmvComplete
 .text          0x0009fbac      0x3dc E:/Debug-Matrix/branches/ME30国内PCI认证/ME30_Matrix/Mpos_Demo_20141017_ADDV2/Mpos_Demo/libs/libemvNDK_POSME31.a(emvbuf.o)
                0x0009fbac                EMVL2_MallocAidsBuf
                0x0009fbfc                EMVL2_AddOrClrCandidateList
                0x0009fcd8                EMVL2_SaveAppData
                0x0009fde4                EMVL2_SaveTLVAppData
                0x0009fdf6                EMVL2_GetAppData
                0x0009fe34                EMVL2_InitAppData
                0x0009fe88                EMVL2_GetAIDList
                0x0009fe9c                EMVL2_GetAIDCandidateList
                0x0009feb8                EMVL2_GetTermAIDCnt
                0x0009fec4                EMVL2_GetOrSetTVRTSI
                0x0009fef4                EMVL2_GetAIDOffsetByIdx
                0x0009ff38                EMVL2_SetTVROpt
                0x0009ff4c                EMVL2_GetTVROpt
                0x0009ff60                EMVL2_SetTSIOpt
                0x0009ff74                EMVL2_GetTSIOpt
 .text          0x0009ff88      0x1d8 E:/Debug-Matrix/branches/ME30国内PCI认证/ME30_Matrix/Mpos_Demo_20141017_ADDV2/Mpos_Demo/libs/libemvNDK_POSME31.a(issuerscript.o)
                0x0009ff88                EMVL2_IssuerScriptProcess
 .text          0x000a0160      0x88e E:/Debug-Matrix/branches/ME30国内PCI认证/ME30_Matrix/Mpos_Demo_20141017_ADDV2/Mpos_Demo/libs/libemvNDK_POSME31.a(emvnn.o)
                0x000a0160                NN_DigitMult
                0x000a019c                NN_DigitDiv
                0x000a0264                NN_Decode
                0x000a02a6                NN_Encode
                0x000a02e2                NN_Assign
                0x000a02f6                NN_AssignZero
                0x000a0308                NN_Assign2Exp
                0x000a032e                NN_Add
                0x000a035a                NN_Sub
                0x000a038e                NN_LShift
                0x000a03c4                NN_RShift
                0x000a0410                NN_Cmp
                0x000a0448                NN_Zero
                0x000a0460                NN_Digits
                0x000a0478                NN_Bits
                0x000a04a0                NN_Div
                0x000a0626                NN_Mod
                0x000a0656                NN_Gcd
                0x000a06d0                NN_Mult
                0x000a0790                NN_ModInv
                0x000a08ca                NN_ModMult
                0x000a08fe                NN_ModExp
 *fill*         0x000a09ee        0x2 00
 .text          0x000a09f0      0xc88 E:/Debug-Matrix/branches/ME30国内PCI认证/ME30_Matrix/Mpos_Demo_20141017_ADDV2/Mpos_Demo/libs/libemvNDK_POSME31.a(appinit.o)
                0x000a0df8                EMVL2_InitiateApp
                0x000a10d8                EMVL2_RFInitiateApp
 .text          0x000a1678      0xb00 E:/Debug-Matrix/branches/ME30国内PCI认证/ME30_Matrix/Mpos_Demo_20141017_ADDV2/Mpos_Demo/libs/lpub.a(lposcard.o)
                0x000a1b4c                PubPosReadCard
                0x000a1b9c                PubCardrw
                0x000a1cdc                PubICPowerUp
                0x000a1d94                PubCardPowerUp
                0x000a1dc4                PubGetICStatus
                0x000a1df6                PubGetCardStatus
                0x000a1e44                PubICPowerDown
                0x000a1e6c                PubCardPowerDown
                0x000a1e8c                PubICComm
                0x000a204c                PubICrw
 .text          0x000a2178      0x27c E:/Debug-Matrix/branches/ME30国内PCI认证/ME30_Matrix/Mpos_Demo_20141017_ADDV2/Mpos_Demo/libs/lpub.a(lprint.o)
                0x000a21d0                PubGetPrintLibVer
                0x000a21e8                ProSetErrorCode
                0x000a224c                PubGetPrinter
                0x000a2250                PubGetPrintStatus
                0x000a2260                PubSetPrintForm
                0x000a2272                PubSetPrintFont
                0x000a2298                PubPrePrinter
                0x000a22de                PubPaperPeed
                0x000a2304                PubPrintCommit
                0x000a23e0                PubPrintPicture
 .text          0x000a23f4       0xe4 E:/Debug-Matrix/branches/ME30国内PCI认证/ME30_Matrix/Mpos_Demo_20141017_ADDV2/Mpos_Demo/libs/lpub.a(lrfidcard.o)
                0x000a23f4                PubRFCPUPowerUp
                0x000a240c                PubRFCPUPowerDown
                0x000a2424                PubRFCPUComm
                0x000a243c                PubRFSeekCard
                0x000a24ac                PubInitRFCardParam
                0x000a24c0                PubGetCardLibVer
 .text          0x000a24d8      0x7f8 E:/Debug-Matrix/branches/ME30国内PCI认证/ME30_Matrix/Mpos_Demo_20141017_ADDV2/Mpos_Demo/libs/lpub.a(lsecurity.o)
                0x000a24f8                PubInitSecrity
                0x000a2548                PubClearKey
                0x000a2570                PubSetCurrentMainKeyIndex
                0x000a25a0                PubLoadMainKey
                0x000a2628                PubLoadWorkKey
                0x000a26e0                PubCalcMac
                0x000a2770                PubDispPinPad
                0x000a279c                PubClrPinPad
                0x000a27a6                PubDes
                0x000a2830                Pro_MakePin
                0x000a28c6                PubGetPin
                0x000a2a14                PubUnDes
                0x000a2a88                PubDes3
                0x000a2afc                PubUnDes3
                0x000a2b70                PubSoftDes
                0x000a2ba8                PubSoftUnDes
                0x000a2be0                PubSoftDes3
                0x000a2c18                PubSoftUnDes3
                0x000a2c50                PubDispDot
                0x000a2c80                PubGetSecrityVerion
                0x000a2c98                PubActiveKey
 .text          0x000a2cd0       0x6c E:/Debug-Matrix/branches/ME30国内PCI认证/ME30_Matrix/Mpos_Demo_20141017_ADDV2/Mpos_Demo/libs/lpub.a(pinpadtool.o)
                0x000a2cd0                ProSetSecurityErrCode
 .text          0x000a2d3c      0x108 E:/Debug-Matrix/branches/ME30国内PCI认证/ME30_Matrix/Mpos_Demo_20141017_ADDV2/Mpos_Demo/libs/lpub.a(common.o)
                0x000a2d3c                CardLibDebug
                0x000a2da4                Card_SetErrorCode
 .text          0x000a2e44      0x1e4 E:/Debug-Matrix/branches/ME30国内PCI认证/ME30_Matrix/Mpos_Demo_20141017_ADDV2/Mpos_Demo/libs/lpub.a(inside.o)
                0x000a2e44                Rf_Inside_CPU_PowerUp
                0x000a2f74                Rf_Inside_CPU_PowerDown
                0x000a2fc0                Rf_Inside_CPU_Comm
 .text          0x000a3028       0x34 E:/Debug-Matrix/branches/ME30国内PCI认证/ME30_Matrix/Mpos_Demo_20141017_ADDV2/Mpos_Demo/libs/libc_Cortex-M4_nofpu.a(memmove.o)
                0x000a3028                memmove
 *(.text.*)
 .text.startup  0x000a305c        0xa E:\Debug-Matrix\branches\ME30国内PCI认证\ME30_Matrix\Mpos_Demo_20141017_ADDV2\Mpos_Demo\build\common\ME30F/cmd/cmd.o
                0x000a305c                main

.vfp11_veneer   0x000a3068        0x0
 .vfp11_veneer  0x00000000        0x0 linker stubs

.v4_bx          0x000a3068        0x0
 .v4_bx         0x00000000        0x0 linker stubs

.iplt           0x000a3068        0x0
 .iplt          0x00000000        0x0 E:/Debug-Matrix/branches/ME30国内PCI认证/ME30_Matrix/Mpos_Demo_20141017_ADDV2/Mpos_Demo/configs/ME30F/NDK_Sysdep_ME30F.o

.rodata         0x000a3068     0xd5ac
 *(.rodata)
 .rodata        0x000a3068       0xf8 E:\Debug-Matrix\branches\ME30国内PCI认证\ME30_Matrix\Mpos_Demo_20141017_ADDV2\Mpos_Demo\build\common\ME30F/api/api.o
                0x000a3068                bt_icon
                0x000a3078                clr_icon